Component: ARM Compiler 6.13.1 Tool: armlink [5d895400]

==============================================================================

Section Cross References

    main.o(.text.main) refers to systic.o(.text.Systick_Init) for Systick_Init
    main.o(.text.main) refers to intctrl.o(.text.IntCrtl_Init) for IntCrtl_Init
    main.o(.text.main) refers to main.o(.data.main.Timers) for main.Timers
    main.o(.text.main) refers to gpt.o(.text.Gpt_Init) for Gpt_Init
    main.o(.text.main) refers to gpt.o(.text.Gpt_EnableNotification) for Gpt_EnableNotification
    main.o(.text.main) refers to dio.o(.text.Dio_ReadChannel) for Dio_ReadChannel
    main.o(.text.main) refers to main.o(.bss.Switch1) for Switch1
    main.o(.text.main) refers to main.o(.bss.Switch2) for Switch2
    main.o(.text.main) refers to main.o(.data.Old_Switch1) for Old_Switch1
    main.o(.text.main) refers to main.o(.data.TimeON) for TimeON
    main.o(.text.main) refers to main.o(.data.TimeOFF) for TimeOFF
    main.o(.text.main) refers to main.o(.data.Old_Switch2) for Old_Switch2
    main.o(.text.main) refers to main.o(.text.LED_Blinking) for LED_Blinking
    main.o(.ARM.exidx.text.main) refers to main.o(.text.main) for [Anonymous Symbol]
    main.o(.text.Togg_Pin) refers to gpt.o(.text.Gpt_StopTimer) for Gpt_StopTimer
    main.o(.text.Togg_Pin) refers to main.o(.bss.flag) for flag
    main.o(.text.Togg_Pin) refers to led.o(.text.Leds_ON) for Leds_ON
    main.o(.text.Togg_Pin) refers to led.o(.text.Leds_OFF) for Leds_OFF
    main.o(.ARM.exidx.text.Togg_Pin) refers to main.o(.text.Togg_Pin) for [Anonymous Symbol]
    main.o(.text.LED_Blinking) refers to main.o(.bss.Res1) for Res1
    main.o(.text.LED_Blinking) refers to main.o(.bss.Res2) for Res2
    main.o(.text.LED_Blinking) refers to main.o(.data.Old_flag) for Old_flag
    main.o(.text.LED_Blinking) refers to main.o(.bss.flag) for flag
    main.o(.text.LED_Blinking) refers to gpt.o(.text.Gpt_StartTimer) for Gpt_StartTimer
    main.o(.ARM.exidx.text.LED_Blinking) refers to main.o(.text.LED_Blinking) for [Anonymous Symbol]
    main.o(.data.main.Timers) refers to main.o(.text.Togg_Pin) for Togg_Pin
    led.o(.text.Leds_ON) refers to dio.o(.text.Dio_WritePort) for Dio_WritePort
    led.o(.ARM.exidx.text.Leds_ON) refers to led.o(.text.Leds_ON) for [Anonymous Symbol]
    led.o(.text.Leds_OFF) refers to dio.o(.text.Dio_WritePort) for Dio_WritePort
    led.o(.ARM.exidx.text.Leds_OFF) refers to led.o(.text.Leds_OFF) for [Anonymous Symbol]
    led.o(.text.Leds_TOGG) refers to dio.o(.text.Dio_FlipPort) for Dio_FlipPort
    led.o(.ARM.exidx.text.Leds_TOGG) refers to led.o(.text.Leds_TOGG) for [Anonymous Symbol]
    dio.o(.ARM.exidx.text.Dio_ReadChannel) refers to dio.o(.text.Dio_ReadChannel) for [Anonymous Symbol]
    dio.o(.ARM.exidx.text.Dio_WriteChannel) refers to dio.o(.text.Dio_WriteChannel) for [Anonymous Symbol]
    dio.o(.ARM.exidx.text.Dio_WritePort) refers to dio.o(.text.Dio_WritePort) for [Anonymous Symbol]
    dio.o(.ARM.exidx.text.Dio_ReadPort) refers to dio.o(.text.Dio_ReadPort) for [Anonymous Symbol]
    dio.o(.text.Dio_FlipChannel) refers to dio.o(.text.Dio_ReadChannel) for Dio_ReadChannel
    dio.o(.text.Dio_FlipChannel) refers to dio.o(.text.Dio_WriteChannel) for Dio_WriteChannel
    dio.o(.ARM.exidx.text.Dio_FlipChannel) refers to dio.o(.text.Dio_FlipChannel) for [Anonymous Symbol]
    dio.o(.text.Dio_FlipPort) refers to dio.o(.text.Dio_ReadPort) for Dio_ReadPort
    dio.o(.text.Dio_FlipPort) refers to dio.o(.text.Dio_WritePort) for Dio_WritePort
    dio.o(.ARM.exidx.text.Dio_FlipPort) refers to dio.o(.text.Dio_FlipPort) for [Anonymous Symbol]
    gpt.o(.text.Gpt_Init) refers to gpt.o(.text.Gpt_Channel0A_Handler) for Gpt_Channel0A_Handler
    gpt.o(.text.Gpt_Init) refers to gpt.o(.text.Gpt_Channel1A_Handler) for Gpt_Channel1A_Handler
    gpt.o(.text.Gpt_Init) refers to gpt.o(.text.Gpt_Channel2A_Handler) for Gpt_Channel2A_Handler
    gpt.o(.text.Gpt_Init) refers to gpt.o(.text.Gpt_Channel3A_Handler) for Gpt_Channel3A_Handler
    gpt.o(.text.Gpt_Init) refers to gpt.o(.text.Gpt_Channel4A_Handler) for Gpt_Channel4A_Handler
    gpt.o(.text.Gpt_Init) refers to gpt.o(.text.Gpt_Channel5A_Handler) for Gpt_Channel5A_Handler
    gpt.o(.text.Gpt_Init) refers to gpt.o(.text.Gpt_Channel6A_Handler) for Gpt_Channel6A_Handler
    gpt.o(.text.Gpt_Init) refers to gpt.o(.text.Gpt_Channel7A_Handler) for Gpt_Channel7A_Handler
    gpt.o(.text.Gpt_Init) refers to gpt.o(.text.Gpt_Channel8A_Handler) for Gpt_Channel8A_Handler
    gpt.o(.text.Gpt_Init) refers to gpt.o(.text.Gpt_Channel9A_Handler) for Gpt_Channel9A_Handler
    gpt.o(.text.Gpt_Init) refers to gpt.o(.text.Gpt_Channel10A_Handler) for Gpt_Channel10A_Handler
    gpt.o(.text.Gpt_Init) refers to gpt.o(.text.Gpt_Channel11A_Handler) for Gpt_Channel11A_Handler
    gpt.o(.ARM.exidx.text.Gpt_Init) refers to gpt.o(.text.Gpt_Init) for [Anonymous Symbol]
    gpt.o(.text.Gpt_Channel0A_Handler) refers to gpt.o(.bss.Call_back) for Call_back
    gpt.o(.ARM.exidx.text.Gpt_Channel0A_Handler) refers to gpt.o(.text.Gpt_Channel0A_Handler) for [Anonymous Symbol]
    gpt.o(.text.Gpt_Channel1A_Handler) refers to gpt.o(.bss.Call_back) for Call_back
    gpt.o(.ARM.exidx.text.Gpt_Channel1A_Handler) refers to gpt.o(.text.Gpt_Channel1A_Handler) for [Anonymous Symbol]
    gpt.o(.text.Gpt_Channel2A_Handler) refers to gpt.o(.bss.Call_back) for Call_back
    gpt.o(.ARM.exidx.text.Gpt_Channel2A_Handler) refers to gpt.o(.text.Gpt_Channel2A_Handler) for [Anonymous Symbol]
    gpt.o(.text.Gpt_Channel3A_Handler) refers to gpt.o(.bss.Call_back) for Call_back
    gpt.o(.ARM.exidx.text.Gpt_Channel3A_Handler) refers to gpt.o(.text.Gpt_Channel3A_Handler) for [Anonymous Symbol]
    gpt.o(.text.Gpt_Channel4A_Handler) refers to gpt.o(.bss.Call_back) for Call_back
    gpt.o(.ARM.exidx.text.Gpt_Channel4A_Handler) refers to gpt.o(.text.Gpt_Channel4A_Handler) for [Anonymous Symbol]
    gpt.o(.text.Gpt_Channel5A_Handler) refers to gpt.o(.bss.Call_back) for Call_back
    gpt.o(.ARM.exidx.text.Gpt_Channel5A_Handler) refers to gpt.o(.text.Gpt_Channel5A_Handler) for [Anonymous Symbol]
    gpt.o(.text.Gpt_Channel6A_Handler) refers to gpt.o(.bss.Call_back) for Call_back
    gpt.o(.ARM.exidx.text.Gpt_Channel6A_Handler) refers to gpt.o(.text.Gpt_Channel6A_Handler) for [Anonymous Symbol]
    gpt.o(.text.Gpt_Channel7A_Handler) refers to gpt.o(.bss.Call_back) for Call_back
    gpt.o(.ARM.exidx.text.Gpt_Channel7A_Handler) refers to gpt.o(.text.Gpt_Channel7A_Handler) for [Anonymous Symbol]
    gpt.o(.text.Gpt_Channel8A_Handler) refers to gpt.o(.bss.Call_back) for Call_back
    gpt.o(.ARM.exidx.text.Gpt_Channel8A_Handler) refers to gpt.o(.text.Gpt_Channel8A_Handler) for [Anonymous Symbol]
    gpt.o(.text.Gpt_Channel9A_Handler) refers to gpt.o(.bss.Call_back) for Call_back
    gpt.o(.ARM.exidx.text.Gpt_Channel9A_Handler) refers to gpt.o(.text.Gpt_Channel9A_Handler) for [Anonymous Symbol]
    gpt.o(.text.Gpt_Channel10A_Handler) refers to gpt.o(.bss.Call_back) for Call_back
    gpt.o(.ARM.exidx.text.Gpt_Channel10A_Handler) refers to gpt.o(.text.Gpt_Channel10A_Handler) for [Anonymous Symbol]
    gpt.o(.text.Gpt_Channel11A_Handler) refers to gpt.o(.bss.Call_back) for Call_back
    gpt.o(.ARM.exidx.text.Gpt_Channel11A_Handler) refers to gpt.o(.text.Gpt_Channel11A_Handler) for [Anonymous Symbol]
    gpt.o(.ARM.exidx.text.PREDEF_TIMER_1US_16BIT) refers to gpt.o(.text.PREDEF_TIMER_1US_16BIT) for [Anonymous Symbol]
    gpt.o(.ARM.exidx.text.PREDEF_TIMER_1US_32BIT) refers to gpt.o(.text.PREDEF_TIMER_1US_32BIT) for [Anonymous Symbol]
    gpt.o(.ARM.exidx.text.PREDEF_TIMER_100US_32BIT) refers to gpt.o(.text.PREDEF_TIMER_100US_32BIT) for [Anonymous Symbol]
    gpt.o(.ARM.exidx.text.Gpt_StartTimer) refers to gpt.o(.text.Gpt_StartTimer) for [Anonymous Symbol]
    gpt.o(.ARM.exidx.text.Gpt_StopTimer) refers to gpt.o(.text.Gpt_StopTimer) for [Anonymous Symbol]
    gpt.o(.ARM.exidx.text.Gpt_EnableNotification) refers to gpt.o(.text.Gpt_EnableNotification) for [Anonymous Symbol]
    gpt.o(.ARM.exidx.text.Gpt_DisableNotification) refers to gpt.o(.text.Gpt_DisableNotification) for [Anonymous Symbol]
    gpt.o(.ARM.exidx.text.Gpt_GetTimeElabsed) refers to gpt.o(.text.Gpt_GetTimeElabsed) for [Anonymous Symbol]
    gpt.o(.ARM.exidx.text.Gpt_GetTimeRemaining) refers to gpt.o(.text.Gpt_GetTimeRemaining) for [Anonymous Symbol]
    gpt.o(.ARM.exidx.text.Gpt_GetPredefTimeValue) refers to gpt.o(.text.Gpt_GetPredefTimeValue) for [Anonymous Symbol]
    gpt.o(.text.TIMER0A_Handler) refers to gpt.o(.bss.Call_back) for Call_back
    gpt.o(.ARM.exidx.text.TIMER0A_Handler) refers to gpt.o(.text.TIMER0A_Handler) for [Anonymous Symbol]
    gpt.o(.text.TIMER1A) refers to gpt.o(.bss.Call_back) for Call_back
    gpt.o(.ARM.exidx.text.TIMER1A) refers to gpt.o(.text.TIMER1A) for [Anonymous Symbol]
    gpt.o(.text.TIMER2A) refers to gpt.o(.bss.Call_back) for Call_back
    gpt.o(.ARM.exidx.text.TIMER2A) refers to gpt.o(.text.TIMER2A) for [Anonymous Symbol]
    gpt.o(.text.TIMER3A) refers to gpt.o(.bss.Call_back) for Call_back
    gpt.o(.ARM.exidx.text.TIMER3A) refers to gpt.o(.text.TIMER3A) for [Anonymous Symbol]
    gpt.o(.text.TIMER4A) refers to gpt.o(.bss.Call_back) for Call_back
    gpt.o(.ARM.exidx.text.TIMER4A) refers to gpt.o(.text.TIMER4A) for [Anonymous Symbol]
    gpt.o(.text.TIMER5A) refers to gpt.o(.bss.Call_back) for Call_back
    gpt.o(.ARM.exidx.text.TIMER5A) refers to gpt.o(.text.TIMER5A) for [Anonymous Symbol]
    gpt.o(.text.TIMER6A) refers to gpt.o(.bss.Call_back) for Call_back
    gpt.o(.ARM.exidx.text.TIMER6A) refers to gpt.o(.text.TIMER6A) for [Anonymous Symbol]
    gpt.o(.text.TIMER7A) refers to gpt.o(.bss.Call_back) for Call_back
    gpt.o(.ARM.exidx.text.TIMER7A) refers to gpt.o(.text.TIMER7A) for [Anonymous Symbol]
    gpt.o(.text.TIMER8A) refers to gpt.o(.bss.Call_back) for Call_back
    gpt.o(.ARM.exidx.text.TIMER8A) refers to gpt.o(.text.TIMER8A) for [Anonymous Symbol]
    gpt.o(.text.TIMER9A) refers to gpt.o(.bss.Call_back) for Call_back
    gpt.o(.ARM.exidx.text.TIMER9A) refers to gpt.o(.text.TIMER9A) for [Anonymous Symbol]
    gpt.o(.text.TIMER10A) refers to gpt.o(.bss.Call_back) for Call_back
    gpt.o(.ARM.exidx.text.TIMER10A) refers to gpt.o(.text.TIMER10A) for [Anonymous Symbol]
    gpt.o(.text.TIMER11A) refers to gpt.o(.bss.Call_back) for Call_back
    gpt.o(.ARM.exidx.text.TIMER11A) refers to gpt.o(.text.TIMER11A) for [Anonymous Symbol]
    intctrl.o(.text.IntCrtl_Init) refers to intctrl.o(.data.Interrupt_Prio) for Interrupt_Prio
    intctrl.o(.text.IntCrtl_Init) refers to intctrl.o(.data.EnabledInt) for EnabledInt
    intctrl.o(.ARM.exidx.text.IntCrtl_Init) refers to intctrl.o(.text.IntCrtl_Init) for [Anonymous Symbol]
    systic.o(.ARM.exidx.text.Systick_Init) refers to systic.o(.text.Systick_Init) for [Anonymous Symbol]
    startup_tm4c123.o(STACK) refers (Special) to heapauxi.o(.text) for __use_two_region_memory
    startup_tm4c123.o(HEAP) refers (Special) to heapauxi.o(.text) for __use_two_region_memory
    startup_tm4c123.o(RESET) refers (Special) to heapauxi.o(.text) for __use_two_region_memory
    startup_tm4c123.o(RESET) refers to startup_tm4c123.o(STACK) for __initial_sp
    startup_tm4c123.o(RESET) refers to startup_tm4c123.o(.text) for Reset_Handler
    startup_tm4c123.o(RESET) refers to gpt.o(.text.TIMER0A_Handler) for TIMER0A_Handler
    startup_tm4c123.o(.text) refers (Special) to heapauxi.o(.text) for __use_two_region_memory
    startup_tm4c123.o(.text) refers to system_tm4c123.o(.text.SystemInit) for SystemInit
    startup_tm4c123.o(.text) refers to __main.o(!!!main) for __main
    startup_tm4c123.o(.text) refers to startup_tm4c123.o(HEAP) for Heap_Mem
    startup_tm4c123.o(.text) refers to startup_tm4c123.o(STACK) for Stack_Mem
    system_tm4c123.o(.text.SystemCoreClockUpdate) refers to system_tm4c123.o(.text.getOscClk) for getOscClk
    system_tm4c123.o(.text.SystemCoreClockUpdate) refers to system_tm4c123.o(.data.SystemCoreClock) for SystemCoreClock
    system_tm4c123.o(.ARM.exidx.text.SystemCoreClockUpdate) refers to system_tm4c123.o(.text.SystemCoreClockUpdate) for [Anonymous Symbol]
    system_tm4c123.o(.ARM.exidx.text.getOscClk) refers to system_tm4c123.o(.text.getOscClk) for [Anonymous Symbol]
    system_tm4c123.o(.ARM.exidx.text.SystemInit) refers to system_tm4c123.o(.text.SystemInit) for [Anonymous Symbol]
    __main.o(!!!main) refers to __rtentry.o(.ARM.Collect$$rtentry$$00000000) for __rt_entry
    __rtentry.o(.ARM.Collect$$rtentry$$00000000) refers (Special) to __rtentry2.o(.ARM.Collect$$rtentry$$0000000A) for __rt_entry_li
    __rtentry.o(.ARM.Collect$$rtentry$$00000000) refers (Special) to __rtentry2.o(.ARM.Collect$$rtentry$$0000000D) for __rt_entry_main
    __rtentry.o(.ARM.Collect$$rtentry$$00000000) refers (Special) to __rtentry2.o(.ARM.Collect$$rtentry$$0000000C) for __rt_entry_postli_1
    __rtentry.o(.ARM.Collect$$rtentry$$00000000) refers (Special) to __rtentry2.o(.ARM.Collect$$rtentry$$00000009) for __rt_entry_postsh_1
    __rtentry.o(.ARM.Collect$$rtentry$$00000000) refers (Special) to __rtentry2.o(.ARM.Collect$$rtentry$$00000002) for __rt_entry_presh_1
    __rtentry.o(.ARM.Collect$$rtentry$$00000000) refers (Special) to __rtentry4.o(.ARM.Collect$$rtentry$$00000004) for __rt_entry_sh
    __rtentry2.o(.ARM.Collect$$rtentry$$00000008) refers to boardinit2.o(.text) for _platform_post_stackheap_init
    __rtentry2.o(.ARM.Collect$$rtentry$$0000000A) refers to libinit.o(.ARM.Collect$$libinit$$00000000) for __rt_lib_init
    __rtentry2.o(.ARM.Collect$$rtentry$$0000000B) refers to boardinit3.o(.text) for _platform_post_lib_init
    __rtentry2.o(.ARM.Collect$$rtentry$$0000000D) refers to main.o(.text.main) for main
    __rtentry2.o(.ARM.Collect$$rtentry$$0000000D) refers to exit.o(.text) for exit
    __rtentry2.o(.ARM.exidx) refers to __rtentry2.o(.ARM.Collect$$rtentry$$00000001) for .ARM.Collect$$rtentry$$00000001
    __rtentry2.o(.ARM.exidx) refers to __rtentry2.o(.ARM.Collect$$rtentry$$00000008) for .ARM.Collect$$rtentry$$00000008
    __rtentry2.o(.ARM.exidx) refers to __rtentry2.o(.ARM.Collect$$rtentry$$0000000A) for .ARM.Collect$$rtentry$$0000000A
    __rtentry2.o(.ARM.exidx) refers to __rtentry2.o(.ARM.Collect$$rtentry$$0000000B) for .ARM.Collect$$rtentry$$0000000B
    __rtentry2.o(.ARM.exidx) refers to __rtentry2.o(.ARM.Collect$$rtentry$$0000000D) for .ARM.Collect$$rtentry$$0000000D
    __rtentry4.o(.ARM.Collect$$rtentry$$00000004) refers to sys_stackheap_outer.o(.text) for __user_setup_stackheap
    __rtentry4.o(.ARM.exidx) refers to __rtentry4.o(.ARM.Collect$$rtentry$$00000004) for .ARM.Collect$$rtentry$$00000004
    sys_stackheap_outer.o(.text) refers to libspace.o(.text) for __user_perproc_libspace
    sys_stackheap_outer.o(.text) refers to startup_tm4c123.o(.text) for __user_initial_stackheap
    exit.o(.text) refers to rtexit.o(.ARM.Collect$$rtexit$$00000000) for __rt_exit
    libinit.o(.ARM.Collect$$libinit$$00000000) refers (Special) to libinit2.o(.ARM.Collect$$libinit$$0000002E) for __rt_lib_init_alloca_1
    libinit.o(.ARM.Collect$$libinit$$00000000) refers (Special) to libinit2.o(.ARM.Collect$$libinit$$00000027) for __rt_lib_init_argv_1
    libinit.o(.ARM.Collect$$libinit$$00000000) refers (Special) to libinit2.o(.ARM.Collect$$libinit$$0000001B) for __rt_lib_init_atexit_1
    libinit.o(.ARM.Collect$$libinit$$00000000) refers (Special) to libinit2.o(.ARM.Collect$$libinit$$00000021) for __rt_lib_init_clock_1
    libinit.o(.ARM.Collect$$libinit$$00000000) refers (Special) to libinit2.o(.ARM.Collect$$libinit$$00000032) for __rt_lib_init_cpp_1
    libinit.o(.ARM.Collect$$libinit$$00000000) refers (Special) to libinit2.o(.ARM.Collect$$libinit$$00000030) for __rt_lib_init_exceptions_1
    libinit.o(.ARM.Collect$$libinit$$00000000) refers (Special) to libinit2.o(.ARM.Collect$$libinit$$00000001) for __rt_lib_init_fp_1
    libinit.o(.ARM.Collect$$libinit$$00000000) refers (Special) to libinit2.o(.ARM.Collect$$libinit$$0000001F) for __rt_lib_init_fp_trap_1
    libinit.o(.ARM.Collect$$libinit$$00000000) refers (Special) to libinit2.o(.ARM.Collect$$libinit$$00000023) for __rt_lib_init_getenv_1
    libinit.o(.ARM.Collect$$libinit$$00000000) refers (Special) to libinit2.o(.ARM.Collect$$libinit$$0000000A) for __rt_lib_init_heap_1
    libinit.o(.ARM.Collect$$libinit$$00000000) refers (Special) to libinit2.o(.ARM.Collect$$libinit$$00000011) for __rt_lib_init_lc_collate_1
    libinit.o(.ARM.Collect$$libinit$$00000000) refers (Special) to libinit2.o(.ARM.Collect$$libinit$$00000013) for __rt_lib_init_lc_ctype_1
    libinit.o(.ARM.Collect$$libinit$$00000000) refers (Special) to libinit2.o(.ARM.Collect$$libinit$$00000015) for __rt_lib_init_lc_monetary_1
    libinit.o(.ARM.Collect$$libinit$$00000000) refers (Special) to libinit2.o(.ARM.Collect$$libinit$$00000017) for __rt_lib_init_lc_numeric_1
    libinit.o(.ARM.Collect$$libinit$$00000000) refers (Special) to libinit2.o(.ARM.Collect$$libinit$$00000019) for __rt_lib_init_lc_time_1
    libinit.o(.ARM.Collect$$libinit$$00000000) refers (Special) to libinit2.o(.ARM.Collect$$libinit$$00000004) for __rt_lib_init_preinit_1
    libinit.o(.ARM.Collect$$libinit$$00000000) refers (Special) to libinit2.o(.ARM.Collect$$libinit$$0000000E) for __rt_lib_init_rand_1
    libinit.o(.ARM.Collect$$libinit$$00000000) refers (Special) to libinit2.o(.ARM.Collect$$libinit$$00000033) for __rt_lib_init_return
    libinit.o(.ARM.Collect$$libinit$$00000000) refers (Special) to libinit2.o(.ARM.Collect$$libinit$$0000001D) for __rt_lib_init_signal_1
    libinit.o(.ARM.Collect$$libinit$$00000000) refers (Special) to libinit2.o(.ARM.Collect$$libinit$$00000025) for __rt_lib_init_stdio_1
    libinit.o(.ARM.Collect$$libinit$$00000000) refers (Special) to libinit2.o(.ARM.Collect$$libinit$$0000000C) for __rt_lib_init_user_alloc_1
    libspace.o(.text) refers to libspace.o(.bss) for __libspace_start
    rtexit.o(.ARM.Collect$$rtexit$$00000000) refers (Special) to rtexit2.o(.ARM.Collect$$rtexit$$00000004) for __rt_exit_exit
    rtexit.o(.ARM.Collect$$rtexit$$00000000) refers (Special) to rtexit2.o(.ARM.Collect$$rtexit$$00000003) for __rt_exit_ls
    rtexit.o(.ARM.Collect$$rtexit$$00000000) refers (Special) to rtexit2.o(.ARM.Collect$$rtexit$$00000002) for __rt_exit_prels_1
    rtexit.o(.ARM.exidx) refers (Special) to rtexit2.o(.ARM.Collect$$rtexit$$00000004) for __rt_exit_exit
    rtexit.o(.ARM.exidx) refers (Special) to rtexit2.o(.ARM.Collect$$rtexit$$00000003) for __rt_exit_ls
    rtexit.o(.ARM.exidx) refers (Special) to rtexit2.o(.ARM.Collect$$rtexit$$00000002) for __rt_exit_prels_1
    rtexit.o(.ARM.exidx) refers to rtexit.o(.ARM.Collect$$rtexit$$00000000) for .ARM.Collect$$rtexit$$00000000
    libinit2.o(.ARM.Collect$$libinit$$00000001) refers to fpinit.o(x$fpl$fpinit) for _fp_init
    libinit2.o(.ARM.Collect$$libinit$$00000010) refers to libinit2.o(.ARM.Collect$$libinit$$0000000F) for .ARM.Collect$$libinit$$0000000F
    libinit2.o(.ARM.Collect$$libinit$$00000012) refers to libinit2.o(.ARM.Collect$$libinit$$0000000F) for .ARM.Collect$$libinit$$0000000F
    libinit2.o(.ARM.Collect$$libinit$$00000014) refers to libinit2.o(.ARM.Collect$$libinit$$0000000F) for .ARM.Collect$$libinit$$0000000F
    libinit2.o(.ARM.Collect$$libinit$$00000016) refers to libinit2.o(.ARM.Collect$$libinit$$0000000F) for .ARM.Collect$$libinit$$0000000F
    libinit2.o(.ARM.Collect$$libinit$$00000018) refers to libinit2.o(.ARM.Collect$$libinit$$0000000F) for .ARM.Collect$$libinit$$0000000F
    libinit2.o(.ARM.Collect$$libinit$$00000026) refers to argv_veneer.o(.emb_text) for __ARM_argv_veneer
    libinit2.o(.ARM.Collect$$libinit$$00000027) refers to argv_veneer.o(.emb_text) for __ARM_argv_veneer
    rtexit2.o(.ARM.Collect$$rtexit$$00000003) refers to libshutdown.o(.ARM.Collect$$libshutdown$$00000000) for __rt_lib_shutdown
    rtexit2.o(.ARM.Collect$$rtexit$$00000004) refers to sys_exit.o(.text) for _sys_exit
    rtexit2.o(.ARM.exidx) refers to rtexit2.o(.ARM.Collect$$rtexit$$00000001) for .ARM.Collect$$rtexit$$00000001
    rtexit2.o(.ARM.exidx) refers to rtexit2.o(.ARM.Collect$$rtexit$$00000003) for .ARM.Collect$$rtexit$$00000003
    rtexit2.o(.ARM.exidx) refers to rtexit2.o(.ARM.Collect$$rtexit$$00000004) for .ARM.Collect$$rtexit$$00000004
    argv_veneer.o(.emb_text) refers to _get_argv_nomalloc.o(.text) for __ARM_get_argv
    sys_exit.o(.text) refers (Special) to use_no_semi.o(.text) for __I$use$semihosting
    sys_exit.o(.text) refers (Special) to indicate_semi.o(.text) for __semihosting_library_function
    sys_exit_hlt.o(.text) refers (Special) to use_no_semi.o(.text) for __I$use$semihosting
    sys_exit_hlt.o(.text) refers (Special) to indicate_semi.o(.text) for __semihosting_library_function
    _get_argv_nomalloc.o(.text) refers (Special) to hrguard.o(.text) for __heap_region$guard
    _get_argv_nomalloc.o(.text) refers to defsig_rtmem_outer.o(.text) for __rt_SIGRTMEM
    _get_argv_nomalloc.o(.text) refers to sys_command.o(.text) for _sys_command_string
    libshutdown.o(.ARM.Collect$$libshutdown$$00000000) refers (Special) to libshutdown2.o(.ARM.Collect$$libshutdown$$00000002) for __rt_lib_shutdown_cpp_1
    libshutdown.o(.ARM.Collect$$libshutdown$$00000000) refers (Special) to libshutdown2.o(.ARM.Collect$$libshutdown$$00000007) for __rt_lib_shutdown_fp_trap_1
    libshutdown.o(.ARM.Collect$$libshutdown$$00000000) refers (Special) to libshutdown2.o(.ARM.Collect$$libshutdown$$0000000F) for __rt_lib_shutdown_heap_1
    libshutdown.o(.ARM.Collect$$libshutdown$$00000000) refers (Special) to libshutdown2.o(.ARM.Collect$$libshutdown$$00000010) for __rt_lib_shutdown_return
    libshutdown.o(.ARM.Collect$$libshutdown$$00000000) refers (Special) to libshutdown2.o(.ARM.Collect$$libshutdown$$0000000A) for __rt_lib_shutdown_signal_1
    libshutdown.o(.ARM.Collect$$libshutdown$$00000000) refers (Special) to libshutdown2.o(.ARM.Collect$$libshutdown$$00000004) for __rt_lib_shutdown_stdio_1
    libshutdown.o(.ARM.Collect$$libshutdown$$00000000) refers (Special) to libshutdown2.o(.ARM.Collect$$libshutdown$$0000000C) for __rt_lib_shutdown_user_alloc_1
    sys_command.o(.text) refers (Special) to use_no_semi.o(.text) for __I$use$semihosting
    sys_command.o(.text) refers (Special) to indicate_semi.o(.text) for __semihosting_library_function
    sys_command_hlt.o(.text) refers (Special) to use_no_semi.o(.text) for __I$use$semihosting
    sys_command_hlt.o(.text) refers (Special) to indicate_semi.o(.text) for __semihosting_library_function
    defsig_rtmem_outer.o(.text) refers to defsig_rtmem_inner.o(.text) for __rt_SIGRTMEM_inner
    defsig_rtmem_outer.o(.text) refers to defsig_exit.o(.text) for __sig_exit
    defsig_rtmem_formal.o(.text) refers to rt_raise.o(.text) for __rt_raise
    rt_raise.o(.text) refers to __raise.o(.text) for __raise
    rt_raise.o(.text) refers to sys_exit.o(.text) for _sys_exit
    defsig_exit.o(.text) refers to sys_exit.o(.text) for _sys_exit
    defsig_rtmem_inner.o(.text) refers to defsig_general.o(.text) for __default_signal_display
    __raise.o(.text) refers to defsig.o(CL$$defsig) for __default_signal_handler
    defsig_general.o(.text) refers to sys_wrch.o(.text) for _ttywrch
    sys_wrch.o(.text) refers (Special) to use_no_semi.o(.text) for __I$use$semihosting
    sys_wrch.o(.text) refers (Special) to indicate_semi.o(.text) for __semihosting_library_function
    sys_wrch_hlt.o(.text) refers (Special) to use_no_semi.o(.text) for __I$use$semihosting
    sys_wrch_hlt.o(.text) refers (Special) to indicate_semi.o(.text) for __semihosting_library_function
    defsig.o(CL$$defsig) refers to defsig_rtmem_inner.o(.text) for __rt_SIGRTMEM_inner
    defsig_abrt_inner.o(.text) refers to defsig_general.o(.text) for __default_signal_display
    defsig_fpe_inner.o(.text) refers to defsig_general.o(.text) for __default_signal_display
    defsig_rtred_inner.o(.text) refers to defsig_general.o(.text) for __default_signal_display
    defsig_stak_inner.o(.text) refers to defsig_general.o(.text) for __default_signal_display
    defsig_pvfn_inner.o(.text) refers to defsig_general.o(.text) for __default_signal_display
    defsig_cppl_inner.o(.text) refers to defsig_general.o(.text) for __default_signal_display
    defsig_segv_inner.o(.text) refers to defsig_general.o(.text) for __default_signal_display
    defsig_other.o(.text) refers to defsig_general.o(.text) for __default_signal_display


==============================================================================

Removing Unused input sections from the image.

    Removing dio_lcfg.o(.text), (0 bytes).
    Removing gpt_lcfg.o(.text), (0 bytes).
    Removing intctrl_lcfg.o(.text), (0 bytes).
    Removing systick_lcfg.o(.text), (0 bytes).
    Removing main.o(.text), (0 bytes).
    Removing main.o(.ARM.exidx.text.main), (8 bytes).
    Removing main.o(.ARM.exidx.text.Togg_Pin), (8 bytes).
    Removing main.o(.ARM.exidx.text.LED_Blinking), (8 bytes).
    Removing led.o(.text), (0 bytes).
    Removing led.o(.ARM.exidx.text.Leds_ON), (8 bytes).
    Removing led.o(.ARM.exidx.text.Leds_OFF), (8 bytes).
    Removing led.o(.text.Leds_TOGG), (24 bytes).
    Removing led.o(.ARM.exidx.text.Leds_TOGG), (8 bytes).
    Removing dio.o(.text), (0 bytes).
    Removing dio.o(.ARM.exidx.text.Dio_ReadChannel), (8 bytes).
    Removing dio.o(.text.Dio_WriteChannel), (894 bytes).
    Removing dio.o(.ARM.exidx.text.Dio_WriteChannel), (8 bytes).
    Removing dio.o(.ARM.exidx.text.Dio_WritePort), (8 bytes).
    Removing dio.o(.text.Dio_ReadPort), (406 bytes).
    Removing dio.o(.ARM.exidx.text.Dio_ReadPort), (8 bytes).
    Removing dio.o(.text.Dio_FlipChannel), (328 bytes).
    Removing dio.o(.ARM.exidx.text.Dio_FlipChannel), (8 bytes).
    Removing dio.o(.text.Dio_FlipPort), (242 bytes).
    Removing dio.o(.ARM.exidx.text.Dio_FlipPort), (8 bytes).
    Removing gpt.o(.text), (0 bytes).
    Removing gpt.o(.ARM.exidx.text.Gpt_Init), (8 bytes).
    Removing gpt.o(.ARM.exidx.text.Gpt_Channel0A_Handler), (8 bytes).
    Removing gpt.o(.ARM.exidx.text.Gpt_Channel1A_Handler), (8 bytes).
    Removing gpt.o(.ARM.exidx.text.Gpt_Channel2A_Handler), (8 bytes).
    Removing gpt.o(.ARM.exidx.text.Gpt_Channel3A_Handler), (8 bytes).
    Removing gpt.o(.ARM.exidx.text.Gpt_Channel4A_Handler), (8 bytes).
    Removing gpt.o(.ARM.exidx.text.Gpt_Channel5A_Handler), (8 bytes).
    Removing gpt.o(.ARM.exidx.text.Gpt_Channel6A_Handler), (8 bytes).
    Removing gpt.o(.ARM.exidx.text.Gpt_Channel7A_Handler), (8 bytes).
    Removing gpt.o(.ARM.exidx.text.Gpt_Channel8A_Handler), (8 bytes).
    Removing gpt.o(.ARM.exidx.text.Gpt_Channel9A_Handler), (8 bytes).
    Removing gpt.o(.ARM.exidx.text.Gpt_Channel10A_Handler), (8 bytes).
    Removing gpt.o(.ARM.exidx.text.Gpt_Channel11A_Handler), (8 bytes).
    Removing gpt.o(.text.PREDEF_TIMER_1US_16BIT), (68 bytes).
    Removing gpt.o(.ARM.exidx.text.PREDEF_TIMER_1US_16BIT), (8 bytes).
    Removing gpt.o(.text.PREDEF_TIMER_1US_32BIT), (78 bytes).
    Removing gpt.o(.ARM.exidx.text.PREDEF_TIMER_1US_32BIT), (8 bytes).
    Removing gpt.o(.text.PREDEF_TIMER_100US_32BIT), (80 bytes).
    Removing gpt.o(.ARM.exidx.text.PREDEF_TIMER_100US_32BIT), (8 bytes).
    Removing gpt.o(.ARM.exidx.text.Gpt_StartTimer), (8 bytes).
    Removing gpt.o(.ARM.exidx.text.Gpt_StopTimer), (8 bytes).
    Removing gpt.o(.ARM.exidx.text.Gpt_EnableNotification), (8 bytes).
    Removing gpt.o(.text.Gpt_DisableNotification), (208 bytes).
    Removing gpt.o(.ARM.exidx.text.Gpt_DisableNotification), (8 bytes).
    Removing gpt.o(.text.Gpt_GetTimeElabsed), (354 bytes).
    Removing gpt.o(.ARM.exidx.text.Gpt_GetTimeElabsed), (8 bytes).
    Removing gpt.o(.text.Gpt_GetTimeRemaining), (496 bytes).
    Removing gpt.o(.ARM.exidx.text.Gpt_GetTimeRemaining), (8 bytes).
    Removing gpt.o(.text.Gpt_GetPredefTimeValue), (24 bytes).
    Removing gpt.o(.ARM.exidx.text.Gpt_GetPredefTimeValue), (8 bytes).
    Removing gpt.o(.ARM.exidx.text.TIMER0A_Handler), (8 bytes).
    Removing gpt.o(.text.TIMER1A), (28 bytes).
    Removing gpt.o(.ARM.exidx.text.TIMER1A), (8 bytes).
    Removing gpt.o(.text.TIMER2A), (28 bytes).
    Removing gpt.o(.ARM.exidx.text.TIMER2A), (8 bytes).
    Removing gpt.o(.text.TIMER3A), (28 bytes).
    Removing gpt.o(.ARM.exidx.text.TIMER3A), (8 bytes).
    Removing gpt.o(.text.TIMER4A), (28 bytes).
    Removing gpt.o(.ARM.exidx.text.TIMER4A), (8 bytes).
    Removing gpt.o(.text.TIMER5A), (28 bytes).
    Removing gpt.o(.ARM.exidx.text.TIMER5A), (8 bytes).
    Removing gpt.o(.text.TIMER6A), (28 bytes).
    Removing gpt.o(.ARM.exidx.text.TIMER6A), (8 bytes).
    Removing gpt.o(.text.TIMER7A), (28 bytes).
    Removing gpt.o(.ARM.exidx.text.TIMER7A), (8 bytes).
    Removing gpt.o(.text.TIMER8A), (28 bytes).
    Removing gpt.o(.ARM.exidx.text.TIMER8A), (8 bytes).
    Removing gpt.o(.text.TIMER9A), (28 bytes).
    Removing gpt.o(.ARM.exidx.text.TIMER9A), (8 bytes).
    Removing gpt.o(.text.TIMER10A), (28 bytes).
    Removing gpt.o(.ARM.exidx.text.TIMER10A), (8 bytes).
    Removing gpt.o(.text.TIMER11A), (28 bytes).
    Removing gpt.o(.ARM.exidx.text.TIMER11A), (8 bytes).
    Removing intctrl.o(.text), (0 bytes).
    Removing intctrl.o(.ARM.exidx.text.IntCrtl_Init), (8 bytes).
    Removing systic.o(.text), (0 bytes).
    Removing systic.o(.ARM.exidx.text.Systick_Init), (8 bytes).
    Removing system_tm4c123.o(.text), (0 bytes).
    Removing system_tm4c123.o(.text.SystemCoreClockUpdate), (332 bytes).
    Removing system_tm4c123.o(.ARM.exidx.text.SystemCoreClockUpdate), (8 bytes).
    Removing system_tm4c123.o(.text.getOscClk), (360 bytes).
    Removing system_tm4c123.o(.ARM.exidx.text.getOscClk), (8 bytes).
    Removing system_tm4c123.o(.ARM.exidx.text.SystemInit), (8 bytes).
    Removing system_tm4c123.o(.data.SystemCoreClock), (4 bytes).

89 unused section(s) (total 4622 bytes) removed from the image.

==============================================================================

Image Symbol Table

    Local Symbols

    Symbol Name                              Value     Ov Type        Size  Object(Section)

    ../clib/angel/boardlib.s                 0x00000000   Number         0  boardinit1.o ABSOLUTE
    ../clib/angel/boardlib.s                 0x00000000   Number         0  boardinit2.o ABSOLUTE
    ../clib/angel/boardlib.s                 0x00000000   Number         0  boardinit3.o ABSOLUTE
    ../clib/angel/boardlib.s                 0x00000000   Number         0  boardshut.o ABSOLUTE
    ../clib/angel/handlers.s                 0x00000000   Number         0  __scatter_copy.o ABSOLUTE
    ../clib/angel/handlers.s                 0x00000000   Number         0  __scatter_zi.o ABSOLUTE
    ../clib/angel/kernel.s                   0x00000000   Number         0  __rtentry.o ABSOLUTE
    ../clib/angel/kernel.s                   0x00000000   Number         0  __rtentry2.o ABSOLUTE
    ../clib/angel/kernel.s                   0x00000000   Number         0  __rtentry4.o ABSOLUTE
    ../clib/angel/kernel.s                   0x00000000   Number         0  rtexit.o ABSOLUTE
    ../clib/angel/kernel.s                   0x00000000   Number         0  rtexit2.o ABSOLUTE
    ../clib/angel/rt.s                       0x00000000   Number         0  rt_raise.o ABSOLUTE
    ../clib/angel/scatter.s                  0x00000000   Number         0  __scatter.o ABSOLUTE
    ../clib/angel/startup.s                  0x00000000   Number         0  __main.o ABSOLUTE
    ../clib/angel/sys.s                      0x00000000   Number         0  sys_stackheap_outer.o ABSOLUTE
    ../clib/angel/sys.s                      0x00000000   Number         0  libspace.o ABSOLUTE
    ../clib/angel/sys.s                      0x00000000   Number         0  use_no_semi.o ABSOLUTE
    ../clib/angel/sys.s                      0x00000000   Number         0  indicate_semi.o ABSOLUTE
    ../clib/angel/sysapp.c                   0x00000000   Number         0  sys_exit.o ABSOLUTE
    ../clib/angel/sysapp.c                   0x00000000   Number         0  sys_exit_hlt.o ABSOLUTE
    ../clib/angel/sysapp.c                   0x00000000   Number         0  sys_command.o ABSOLUTE
    ../clib/angel/sysapp.c                   0x00000000   Number         0  sys_command_hlt.o ABSOLUTE
    ../clib/angel/sysapp.c                   0x00000000   Number         0  sys_wrch.o ABSOLUTE
    ../clib/angel/sysapp.c                   0x00000000   Number         0  sys_wrch_hlt.o ABSOLUTE
    ../clib/armsys.c                         0x00000000   Number         0  argv_veneer.o ABSOLUTE
    ../clib/armsys.c                         0x00000000   Number         0  argv_veneer.o ABSOLUTE
    ../clib/armsys.c                         0x00000000   Number         0  _get_argv_nomalloc.o ABSOLUTE
    ../clib/armsys.c                         0x00000000   Number         0  no_argv.o ABSOLUTE
    ../clib/heapalloc.c                      0x00000000   Number         0  hrguard.o ABSOLUTE
    ../clib/heapaux.c                        0x00000000   Number         0  heapauxi.o ABSOLUTE
    ../clib/libinit.s                        0x00000000   Number         0  libinit.o ABSOLUTE
    ../clib/libinit.s                        0x00000000   Number         0  libinit2.o ABSOLUTE
    ../clib/libinit.s                        0x00000000   Number         0  libshutdown.o ABSOLUTE
    ../clib/libinit.s                        0x00000000   Number         0  libshutdown2.o ABSOLUTE
    ../clib/signal.c                         0x00000000   Number         0  defsig_rtmem_outer.o ABSOLUTE
    ../clib/signal.c                         0x00000000   Number         0  defsig_rtmem_formal.o ABSOLUTE
    ../clib/signal.c                         0x00000000   Number         0  defsig_exit.o ABSOLUTE
    ../clib/signal.c                         0x00000000   Number         0  defsig_rtmem_inner.o ABSOLUTE
    ../clib/signal.c                         0x00000000   Number         0  __raise.o ABSOLUTE
    ../clib/signal.c                         0x00000000   Number         0  defsig_general.o ABSOLUTE
    ../clib/signal.c                         0x00000000   Number         0  defsig_abrt_inner.o ABSOLUTE
    ../clib/signal.c                         0x00000000   Number         0  defsig_fpe_inner.o ABSOLUTE
    ../clib/signal.c                         0x00000000   Number         0  defsig_rtred_inner.o ABSOLUTE
    ../clib/signal.c                         0x00000000   Number         0  defsig_stak_inner.o ABSOLUTE
    ../clib/signal.c                         0x00000000   Number         0  defsig_pvfn_inner.o ABSOLUTE
    ../clib/signal.c                         0x00000000   Number         0  defsig_cppl_inner.o ABSOLUTE
    ../clib/signal.c                         0x00000000   Number         0  defsig_segv_inner.o ABSOLUTE
    ../clib/signal.c                         0x00000000   Number         0  defsig_other.o ABSOLUTE
    ../clib/signal.s                         0x00000000   Number         0  defsig.o ABSOLUTE
    ../clib/stdlib.c                         0x00000000   Number         0  exit.o ABSOLUTE
    ../fplib/fpinit.s                        0x00000000   Number         0  fpinit.o ABSOLUTE
    Dio.c                                    0x00000000   Number         0  dio.o ABSOLUTE
    Dio_Lcfg.c                               0x00000000   Number         0  dio_lcfg.o ABSOLUTE
    Gpt.c                                    0x00000000   Number         0  gpt.o ABSOLUTE
    Gpt_Lcfg.c                               0x00000000   Number         0  gpt_lcfg.o ABSOLUTE
    IntCtrl.c                                0x00000000   Number         0  intctrl.o ABSOLUTE
    IntCtrl_Lcfg.c                           0x00000000   Number         0  intctrl_lcfg.o ABSOLUTE
    Led.c                                    0x00000000   Number         0  led.o ABSOLUTE
    RTE\Device\TM4C123GH6PGE\startup_TM4C123.s 0x00000000   Number         0  startup_tm4c123.o ABSOLUTE
    Systic.c                                 0x00000000   Number         0  systic.o ABSOLUTE
    Systick_Lcfg.c                           0x00000000   Number         0  systick_lcfg.o ABSOLUTE
    dc.s                                     0x00000000   Number         0  dc.o ABSOLUTE
    main.c                                   0x00000000   Number         0  main.o ABSOLUTE
    system_TM4C123.c                         0x00000000   Number         0  system_tm4c123.o ABSOLUTE
    RESET                                    0x00000000   Section      620  startup_tm4c123.o(RESET)
    !!!main                                  0x0000026c   Section        8  __main.o(!!!main)
    !!!scatter                               0x00000274   Section       52  __scatter.o(!!!scatter)
    !!handler_copy                           0x000002a8   Section       26  __scatter_copy.o(!!handler_copy)
    !!handler_zi                             0x000002c4   Section       28  __scatter_zi.o(!!handler_zi)
    .ARM.Collect$$libinit$$00000000          0x000002e0   Section        2  libinit.o(.ARM.Collect$$libinit$$00000000)
    .ARM.Collect$$libinit$$00000001          0x000002e2   Section        4  libinit2.o(.ARM.Collect$$libinit$$00000001)
    .ARM.Collect$$libinit$$00000004          0x000002e6   Section        0  libinit2.o(.ARM.Collect$$libinit$$00000004)
    .ARM.Collect$$libinit$$0000000A          0x000002e6   Section        0  libinit2.o(.ARM.Collect$$libinit$$0000000A)
    .ARM.Collect$$libinit$$0000000C          0x000002e6   Section        0  libinit2.o(.ARM.Collect$$libinit$$0000000C)
    .ARM.Collect$$libinit$$0000000E          0x000002e6   Section        0  libinit2.o(.ARM.Collect$$libinit$$0000000E)
    .ARM.Collect$$libinit$$00000011          0x000002e6   Section        0  libinit2.o(.ARM.Collect$$libinit$$00000011)
    .ARM.Collect$$libinit$$00000013          0x000002e6   Section        0  libinit2.o(.ARM.Collect$$libinit$$00000013)
    .ARM.Collect$$libinit$$00000015          0x000002e6   Section        0  libinit2.o(.ARM.Collect$$libinit$$00000015)
    .ARM.Collect$$libinit$$00000017          0x000002e6   Section        0  libinit2.o(.ARM.Collect$$libinit$$00000017)
    .ARM.Collect$$libinit$$00000019          0x000002e6   Section        0  libinit2.o(.ARM.Collect$$libinit$$00000019)
    .ARM.Collect$$libinit$$0000001B          0x000002e6   Section        0  libinit2.o(.ARM.Collect$$libinit$$0000001B)
    .ARM.Collect$$libinit$$0000001D          0x000002e6   Section        0  libinit2.o(.ARM.Collect$$libinit$$0000001D)
    .ARM.Collect$$libinit$$0000001F          0x000002e6   Section        0  libinit2.o(.ARM.Collect$$libinit$$0000001F)
    .ARM.Collect$$libinit$$00000021          0x000002e6   Section        0  libinit2.o(.ARM.Collect$$libinit$$00000021)
    .ARM.Collect$$libinit$$00000023          0x000002e6   Section        0  libinit2.o(.ARM.Collect$$libinit$$00000023)
    .ARM.Collect$$libinit$$00000025          0x000002e6   Section        0  libinit2.o(.ARM.Collect$$libinit$$00000025)
    .ARM.Collect$$libinit$$00000027          0x000002e6   Section        8  libinit2.o(.ARM.Collect$$libinit$$00000027)
    .ARM.Collect$$libinit$$0000002E          0x000002ee   Section        0  libinit2.o(.ARM.Collect$$libinit$$0000002E)
    .ARM.Collect$$libinit$$00000030          0x000002ee   Section        0  libinit2.o(.ARM.Collect$$libinit$$00000030)
    .ARM.Collect$$libinit$$00000032          0x000002ee   Section        0  libinit2.o(.ARM.Collect$$libinit$$00000032)
    .ARM.Collect$$libinit$$00000033          0x000002ee   Section        2  libinit2.o(.ARM.Collect$$libinit$$00000033)
    .ARM.Collect$$libshutdown$$00000000      0x000002f0   Section        2  libshutdown.o(.ARM.Collect$$libshutdown$$00000000)
    .ARM.Collect$$libshutdown$$00000002      0x000002f2   Section        0  libshutdown2.o(.ARM.Collect$$libshutdown$$00000002)
    .ARM.Collect$$libshutdown$$00000004      0x000002f2   Section        0  libshutdown2.o(.ARM.Collect$$libshutdown$$00000004)
    .ARM.Collect$$libshutdown$$00000007      0x000002f2   Section        0  libshutdown2.o(.ARM.Collect$$libshutdown$$00000007)
    .ARM.Collect$$libshutdown$$0000000A      0x000002f2   Section        0  libshutdown2.o(.ARM.Collect$$libshutdown$$0000000A)
    .ARM.Collect$$libshutdown$$0000000C      0x000002f2   Section        0  libshutdown2.o(.ARM.Collect$$libshutdown$$0000000C)
    .ARM.Collect$$libshutdown$$0000000F      0x000002f2   Section        0  libshutdown2.o(.ARM.Collect$$libshutdown$$0000000F)
    .ARM.Collect$$libshutdown$$00000010      0x000002f2   Section        2  libshutdown2.o(.ARM.Collect$$libshutdown$$00000010)
    .ARM.Collect$$rtentry$$00000000          0x000002f4   Section        0  __rtentry.o(.ARM.Collect$$rtentry$$00000000)
    .ARM.Collect$$rtentry$$00000002          0x000002f4   Section        0  __rtentry2.o(.ARM.Collect$$rtentry$$00000002)
    .ARM.Collect$$rtentry$$00000004          0x000002f4   Section        6  __rtentry4.o(.ARM.Collect$$rtentry$$00000004)
    .ARM.Collect$$rtentry$$00000009          0x000002fa   Section        0  __rtentry2.o(.ARM.Collect$$rtentry$$00000009)
    .ARM.Collect$$rtentry$$0000000A          0x000002fa   Section        4  __rtentry2.o(.ARM.Collect$$rtentry$$0000000A)
    .ARM.Collect$$rtentry$$0000000C          0x000002fe   Section        0  __rtentry2.o(.ARM.Collect$$rtentry$$0000000C)
    .ARM.Collect$$rtentry$$0000000D          0x000002fe   Section        8  __rtentry2.o(.ARM.Collect$$rtentry$$0000000D)
    .ARM.Collect$$rtexit$$00000000           0x00000306   Section        2  rtexit.o(.ARM.Collect$$rtexit$$00000000)
    .ARM.Collect$$rtexit$$00000002           0x00000308   Section        0  rtexit2.o(.ARM.Collect$$rtexit$$00000002)
    .ARM.Collect$$rtexit$$00000003           0x00000308   Section        4  rtexit2.o(.ARM.Collect$$rtexit$$00000003)
    .ARM.Collect$$rtexit$$00000004           0x0000030c   Section        6  rtexit2.o(.ARM.Collect$$rtexit$$00000004)
    .emb_text                                0x00000314   Section        4  argv_veneer.o(.emb_text)
    $v0                                      0x00000318   Number         0  startup_tm4c123.o(.text)
    .text                                    0x00000318   Section      276  startup_tm4c123.o(.text)
    .text                                    0x0000042c   Section        0  heapauxi.o(.text)
    .text                                    0x00000432   Section       74  sys_stackheap_outer.o(.text)
    .text                                    0x0000047c   Section        0  exit.o(.text)
    .text                                    0x00000490   Section        8  libspace.o(.text)
    .text                                    0x00000498   Section        0  sys_exit.o(.text)
    .text                                    0x000004a4   Section        0  _get_argv_nomalloc.o(.text)
    .text                                    0x000005d2   Section        0  sys_command.o(.text)
    .text                                    0x000005ea   Section        2  use_no_semi.o(.text)
    .text                                    0x000005ec   Section        0  indicate_semi.o(.text)
    .text                                    0x000005ec   Section        0  hrguard.o(.text)
    .text                                    0x000005f0   Section        0  defsig_rtmem_outer.o(.text)
    .text                                    0x000005fe   Section        0  defsig_exit.o(.text)
    .text                                    0x00000608   Section        0  defsig_rtmem_inner.o(.text)
    .text                                    0x00000658   Section        0  defsig_general.o(.text)
    .text                                    0x0000068a   Section        0  sys_wrch.o(.text)
    [Anonymous Symbol]                       0x00000698   Section        0  dio.o(.text.Dio_ReadChannel)
    [Anonymous Symbol]                       0x000009b4   Section        0  dio.o(.text.Dio_WritePort)
    [Anonymous Symbol]                       0x00000c08   Section        0  gpt.o(.text.Gpt_Channel0A_Handler)
    [Anonymous Symbol]                       0x00000cbc   Section        0  gpt.o(.text.Gpt_Channel10A_Handler)
    [Anonymous Symbol]                       0x00000d80   Section        0  gpt.o(.text.Gpt_Channel11A_Handler)
    [Anonymous Symbol]                       0x00000e44   Section        0  gpt.o(.text.Gpt_Channel1A_Handler)
    [Anonymous Symbol]                       0x00000f08   Section        0  gpt.o(.text.Gpt_Channel2A_Handler)
    [Anonymous Symbol]                       0x00000fcc   Section        0  gpt.o(.text.Gpt_Channel3A_Handler)
    [Anonymous Symbol]                       0x00001090   Section        0  gpt.o(.text.Gpt_Channel4A_Handler)
    [Anonymous Symbol]                       0x00001154   Section        0  gpt.o(.text.Gpt_Channel5A_Handler)
    [Anonymous Symbol]                       0x00001218   Section        0  gpt.o(.text.Gpt_Channel6A_Handler)
    [Anonymous Symbol]                       0x000012dc   Section        0  gpt.o(.text.Gpt_Channel7A_Handler)
    [Anonymous Symbol]                       0x000013a0   Section        0  gpt.o(.text.Gpt_Channel8A_Handler)
    [Anonymous Symbol]                       0x00001464   Section        0  gpt.o(.text.Gpt_Channel9A_Handler)
    [Anonymous Symbol]                       0x00001528   Section        0  gpt.o(.text.Gpt_EnableNotification)
    [Anonymous Symbol]                       0x000015f8   Section        0  gpt.o(.text.Gpt_Init)
    [Anonymous Symbol]                       0x000016d8   Section        0  gpt.o(.text.Gpt_StartTimer)
    [Anonymous Symbol]                       0x0000183c   Section        0  gpt.o(.text.Gpt_StopTimer)
    [Anonymous Symbol]                       0x0000190c   Section        0  intctrl.o(.text.IntCrtl_Init)
    [Anonymous Symbol]                       0x00001a04   Section        0  main.o(.text.LED_Blinking)
    [Anonymous Symbol]                       0x00001aa4   Section        0  led.o(.text.Leds_OFF)
    [Anonymous Symbol]                       0x00001ac0   Section        0  led.o(.text.Leds_ON)
    [Anonymous Symbol]                       0x00001adc   Section        0  system_tm4c123.o(.text.SystemInit)
    [Anonymous Symbol]                       0x00001af0   Section        0  systic.o(.text.Systick_Init)
    [Anonymous Symbol]                       0x00001b2c   Section        0  gpt.o(.text.TIMER0A_Handler)
    [Anonymous Symbol]                       0x00001b48   Section        0  main.o(.text.Togg_Pin)
    [Anonymous Symbol]                       0x00001b8c   Section        0  main.o(.text.main)
    $v0                                      0x00001c8a   Number         0  fpinit.o(x$fpl$fpinit)
    x$fpl$fpinit                             0x00001c8a   Section       26  fpinit.o(x$fpl$fpinit)
    main.Timers                              0x20000008   Data          16  main.o(.data.main.Timers)
    [Anonymous Symbol]                       0x20000008   Section        0  main.o(.data.main.Timers)
    .bss                                     0x20000018   Section       96  libspace.o(.bss)
    Heap_Mem                                 0x200000b0   Data           0  startup_tm4c123.o(HEAP)
    Stack_Mem                                0x200000b0   Data         512  startup_tm4c123.o(STACK)
    HEAP                                     0x200000b0   Section        0  startup_tm4c123.o(HEAP)
    STACK                                    0x200000b0   Section      512  startup_tm4c123.o(STACK)
    __initial_sp                             0x200002b0   Data           0  startup_tm4c123.o(STACK)

    Global Symbols

    Symbol Name                              Value     Ov Type        Size  Object(Section)

    BuildAttributes$$THM_ISAv4$E$P$D$K$B$S$7EM$VFPi3$EXTD16$VFPS$VFMA$PE$A:L22UL41UL21$X:L11$S22US41US21$IEEE1$IW$~IW$USESV6$~STKCKD$USESV7$~SHL$OSPACE$ROPI$EBA8$UX$STANDARDLIB$REQ8$PRES8$EABIv2 0x00000000   Number         0  anon$$obj.o ABSOLUTE
    __Vectors                                0x00000000   Data           4  startup_tm4c123.o(RESET)
    __ARM_exceptions_init                     - Undefined Weak Reference
    __alloca_initialize                       - Undefined Weak Reference
    __arm_preinit_                            - Undefined Weak Reference
    __cpp_initialize__aeabi_                  - Undefined Weak Reference
    __cxa_finalize                            - Undefined Weak Reference
    __rt_locale                               - Undefined Weak Reference
    __sigvec_lookup                           - Undefined Weak Reference
    _atexit_init                              - Undefined Weak Reference
    _call_atexit_fns                          - Undefined Weak Reference
    _clock_init                               - Undefined Weak Reference
    _fp_trap_init                             - Undefined Weak Reference
    _fp_trap_shutdown                         - Undefined Weak Reference
    _get_lc_collate                           - Undefined Weak Reference
    _get_lc_ctype                             - Undefined Weak Reference
    _get_lc_monetary                          - Undefined Weak Reference
    _get_lc_numeric                           - Undefined Weak Reference
    _get_lc_time                              - Undefined Weak Reference
    _getenv_init                              - Undefined Weak Reference
    _handle_redirection                       - Undefined Weak Reference
    _init_alloc                               - Undefined Weak Reference
    _init_user_alloc                          - Undefined Weak Reference
    _initio                                   - Undefined Weak Reference
    _rand_init                                - Undefined Weak Reference
    _signal_finish                            - Undefined Weak Reference
    _signal_init                              - Undefined Weak Reference
    _terminate_alloc                          - Undefined Weak Reference
    _terminate_user_alloc                     - Undefined Weak Reference
    _terminateio                              - Undefined Weak Reference
    __Vectors_End                            0x0000026c   Data           0  startup_tm4c123.o(RESET)
    __Vectors_Size                           0x0000026c   Number         0  startup_tm4c123.o ABSOLUTE
    __main                                   0x0000026d   Thumb Code     8  __main.o(!!!main)
    __scatterload                            0x00000275   Thumb Code     0  __scatter.o(!!!scatter)
    __scatterload_rt2                        0x00000275   Thumb Code    44  __scatter.o(!!!scatter)
    __scatterload_rt2_thumb_only             0x00000275   Thumb Code     0  __scatter.o(!!!scatter)
    __scatterload_null                       0x00000283   Thumb Code     0  __scatter.o(!!!scatter)
    __scatterload_copy                       0x000002a9   Thumb Code    26  __scatter_copy.o(!!handler_copy)
    __scatterload_zeroinit                   0x000002c5   Thumb Code    28  __scatter_zi.o(!!handler_zi)
    __rt_lib_init                            0x000002e1   Thumb Code     0  libinit.o(.ARM.Collect$$libinit$$00000000)
    __rt_lib_init_fp_1                       0x000002e3   Thumb Code     0  libinit2.o(.ARM.Collect$$libinit$$00000001)
    __rt_lib_init_argv_1                     0x000002e7   Thumb Code     0  libinit2.o(.ARM.Collect$$libinit$$00000027)
    __rt_lib_init_atexit_1                   0x000002e7   Thumb Code     0  libinit2.o(.ARM.Collect$$libinit$$0000001B)
    __rt_lib_init_clock_1                    0x000002e7   Thumb Code     0  libinit2.o(.ARM.Collect$$libinit$$00000021)
    __rt_lib_init_fp_trap_1                  0x000002e7   Thumb Code     0  libinit2.o(.ARM.Collect$$libinit$$0000001F)
    __rt_lib_init_getenv_1                   0x000002e7   Thumb Code     0  libinit2.o(.ARM.Collect$$libinit$$00000023)
    __rt_lib_init_heap_1                     0x000002e7   Thumb Code     0  libinit2.o(.ARM.Collect$$libinit$$0000000A)
    __rt_lib_init_heapregion_libspace_used   0x000002e7   Thumb Code     0  libinit2.o(.ARM.Collect$$libinit$$00000027)
    __rt_lib_init_lc_collate_1               0x000002e7   Thumb Code     0  libinit2.o(.ARM.Collect$$libinit$$00000011)
    __rt_lib_init_lc_ctype_1                 0x000002e7   Thumb Code     0  libinit2.o(.ARM.Collect$$libinit$$00000013)
    __rt_lib_init_lc_monetary_1              0x000002e7   Thumb Code     0  libinit2.o(.ARM.Collect$$libinit$$00000015)
    __rt_lib_init_lc_numeric_1               0x000002e7   Thumb Code     0  libinit2.o(.ARM.Collect$$libinit$$00000017)
    __rt_lib_init_lc_time_1                  0x000002e7   Thumb Code     0  libinit2.o(.ARM.Collect$$libinit$$00000019)
    __rt_lib_init_preinit_1                  0x000002e7   Thumb Code     0  libinit2.o(.ARM.Collect$$libinit$$00000004)
    __rt_lib_init_rand_1                     0x000002e7   Thumb Code     0  libinit2.o(.ARM.Collect$$libinit$$0000000E)
    __rt_lib_init_signal_1                   0x000002e7   Thumb Code     0  libinit2.o(.ARM.Collect$$libinit$$0000001D)
    __rt_lib_init_stdio_1                    0x000002e7   Thumb Code     0  libinit2.o(.ARM.Collect$$libinit$$00000025)
    __rt_lib_init_user_alloc_1               0x000002e7   Thumb Code     0  libinit2.o(.ARM.Collect$$libinit$$0000000C)
    __rt_lib_init_alloca_1                   0x000002ef   Thumb Code     0  libinit2.o(.ARM.Collect$$libinit$$0000002E)
    __rt_lib_init_cpp_1                      0x000002ef   Thumb Code     0  libinit2.o(.ARM.Collect$$libinit$$00000032)
    __rt_lib_init_exceptions_1               0x000002ef   Thumb Code     0  libinit2.o(.ARM.Collect$$libinit$$00000030)
    __rt_lib_init_return                     0x000002ef   Thumb Code     0  libinit2.o(.ARM.Collect$$libinit$$00000033)
    __rt_lib_shutdown                        0x000002f1   Thumb Code     0  libshutdown.o(.ARM.Collect$$libshutdown$$00000000)
    __rt_lib_shutdown_cpp_1                  0x000002f3   Thumb Code     0  libshutdown2.o(.ARM.Collect$$libshutdown$$00000002)
    __rt_lib_shutdown_fp_trap_1              0x000002f3   Thumb Code     0  libshutdown2.o(.ARM.Collect$$libshutdown$$00000007)
    __rt_lib_shutdown_heap_1                 0x000002f3   Thumb Code     0  libshutdown2.o(.ARM.Collect$$libshutdown$$0000000F)
    __rt_lib_shutdown_return                 0x000002f3   Thumb Code     0  libshutdown2.o(.ARM.Collect$$libshutdown$$00000010)
    __rt_lib_shutdown_signal_1               0x000002f3   Thumb Code     0  libshutdown2.o(.ARM.Collect$$libshutdown$$0000000A)
    __rt_lib_shutdown_stdio_1                0x000002f3   Thumb Code     0  libshutdown2.o(.ARM.Collect$$libshutdown$$00000004)
    __rt_lib_shutdown_user_alloc_1           0x000002f3   Thumb Code     0  libshutdown2.o(.ARM.Collect$$libshutdown$$0000000C)
    __rt_entry                               0x000002f5   Thumb Code     0  __rtentry.o(.ARM.Collect$$rtentry$$00000000)
    __rt_entry_presh_1                       0x000002f5   Thumb Code     0  __rtentry2.o(.ARM.Collect$$rtentry$$00000002)
    __rt_entry_sh                            0x000002f5   Thumb Code     0  __rtentry4.o(.ARM.Collect$$rtentry$$00000004)
    __rt_entry_li                            0x000002fb   Thumb Code     0  __rtentry2.o(.ARM.Collect$$rtentry$$0000000A)
    __rt_entry_postsh_1                      0x000002fb   Thumb Code     0  __rtentry2.o(.ARM.Collect$$rtentry$$00000009)
    __rt_entry_main                          0x000002ff   Thumb Code     0  __rtentry2.o(.ARM.Collect$$rtentry$$0000000D)
    __rt_entry_postli_1                      0x000002ff   Thumb Code     0  __rtentry2.o(.ARM.Collect$$rtentry$$0000000C)
    __rt_exit                                0x00000307   Thumb Code     0  rtexit.o(.ARM.Collect$$rtexit$$00000000)
    __rt_exit_ls                             0x00000309   Thumb Code     0  rtexit2.o(.ARM.Collect$$rtexit$$00000003)
    __rt_exit_prels_1                        0x00000309   Thumb Code     0  rtexit2.o(.ARM.Collect$$rtexit$$00000002)
    __rt_exit_exit                           0x0000030d   Thumb Code     0  rtexit2.o(.ARM.Collect$$rtexit$$00000004)
    __ARM_argv_veneer                        0x00000315   Thumb Code     4  argv_veneer.o(.emb_text)
    Reset_Handler                            0x00000319   Thumb Code     8  startup_tm4c123.o(.text)
    NMI_Handler                              0x00000321   Thumb Code     2  startup_tm4c123.o(.text)
    HardFault_Handler                        0x00000323   Thumb Code     2  startup_tm4c123.o(.text)
    MemManage_Handler                        0x00000325   Thumb Code     2  startup_tm4c123.o(.text)
    BusFault_Handler                         0x00000327   Thumb Code     2  startup_tm4c123.o(.text)
    UsageFault_Handler                       0x00000329   Thumb Code     2  startup_tm4c123.o(.text)
    SVC_Handler                              0x0000032b   Thumb Code     2  startup_tm4c123.o(.text)
    DebugMon_Handler                         0x0000032d   Thumb Code     2  startup_tm4c123.o(.text)
    PendSV_Handler                           0x0000032f   Thumb Code     2  startup_tm4c123.o(.text)
    SysTick_Handler                          0x00000331   Thumb Code     2  startup_tm4c123.o(.text)
    GPIOA_Handler                            0x00000333   Thumb Code     2  startup_tm4c123.o(.text)
    GPIOB_Handler                            0x00000335   Thumb Code     2  startup_tm4c123.o(.text)
    GPIOC_Handler                            0x00000337   Thumb Code     2  startup_tm4c123.o(.text)
    GPIOD_Handler                            0x00000339   Thumb Code     2  startup_tm4c123.o(.text)
    GPIOE_Handler                            0x0000033b   Thumb Code     2  startup_tm4c123.o(.text)
    UART0_Handler                            0x0000033d   Thumb Code     2  startup_tm4c123.o(.text)
    UART1_Handler                            0x0000033f   Thumb Code     2  startup_tm4c123.o(.text)
    SSI0_Handler                             0x00000341   Thumb Code     2  startup_tm4c123.o(.text)
    I2C0_Handler                             0x00000343   Thumb Code     2  startup_tm4c123.o(.text)
    PMW0_FAULT_Handler                       0x00000345   Thumb Code     2  startup_tm4c123.o(.text)
    PWM0_0_Handler                           0x00000347   Thumb Code     2  startup_tm4c123.o(.text)
    PWM0_1_Handler                           0x00000349   Thumb Code     2  startup_tm4c123.o(.text)
    PWM0_2_Handler                           0x0000034b   Thumb Code     2  startup_tm4c123.o(.text)
    QEI0_Handler                             0x0000034d   Thumb Code     2  startup_tm4c123.o(.text)
    ADC0SS0_Handler                          0x0000034f   Thumb Code     2  startup_tm4c123.o(.text)
    ADC0SS1_Handler                          0x00000351   Thumb Code     2  startup_tm4c123.o(.text)
    ADC0SS2_Handler                          0x00000353   Thumb Code     2  startup_tm4c123.o(.text)
    ADC0SS3_Handler                          0x00000355   Thumb Code     2  startup_tm4c123.o(.text)
    WDT0_Handler                             0x00000357   Thumb Code     2  startup_tm4c123.o(.text)
    TIMER0B_Handler                          0x0000035b   Thumb Code     2  startup_tm4c123.o(.text)
    TIMER1A_Handler                          0x0000035d   Thumb Code     2  startup_tm4c123.o(.text)
    TIMER1B_Handler                          0x0000035f   Thumb Code     2  startup_tm4c123.o(.text)
    TIMER2A_Handler                          0x00000361   Thumb Code     2  startup_tm4c123.o(.text)
    TIMER2B_Handler                          0x00000363   Thumb Code     2  startup_tm4c123.o(.text)
    COMP0_Handler                            0x00000365   Thumb Code     2  startup_tm4c123.o(.text)
    COMP1_Handler                            0x00000367   Thumb Code     2  startup_tm4c123.o(.text)
    COMP2_Handler                            0x00000369   Thumb Code     2  startup_tm4c123.o(.text)
    SYSCTL_Handler                           0x0000036b   Thumb Code     2  startup_tm4c123.o(.text)
    FLASH_Handler                            0x0000036d   Thumb Code     2  startup_tm4c123.o(.text)
    GPIOF_Handler                            0x0000036f   Thumb Code     2  startup_tm4c123.o(.text)
    GPIOG_Handler                            0x00000371   Thumb Code     2  startup_tm4c123.o(.text)
    GPIOH_Handler                            0x00000373   Thumb Code     2  startup_tm4c123.o(.text)
    UART2_Handler                            0x00000375   Thumb Code     2  startup_tm4c123.o(.text)
    SSI1_Handler                             0x00000377   Thumb Code     2  startup_tm4c123.o(.text)
    TIMER3A_Handler                          0x00000379   Thumb Code     2  startup_tm4c123.o(.text)
    TIMER3B_Handler                          0x0000037b   Thumb Code     2  startup_tm4c123.o(.text)
    I2C1_Handler                             0x0000037d   Thumb Code     2  startup_tm4c123.o(.text)
    QEI1_Handler                             0x0000037f   Thumb Code     2  startup_tm4c123.o(.text)
    CAN0_Handler                             0x00000381   Thumb Code     2  startup_tm4c123.o(.text)
    CAN1_Handler                             0x00000383   Thumb Code     2  startup_tm4c123.o(.text)
    CAN2_Handler                             0x00000385   Thumb Code     2  startup_tm4c123.o(.text)
    HIB_Handler                              0x00000387   Thumb Code     2  startup_tm4c123.o(.text)
    USB0_Handler                             0x00000389   Thumb Code     2  startup_tm4c123.o(.text)
    PWM0_3_Handler                           0x0000038b   Thumb Code     2  startup_tm4c123.o(.text)
    UDMA_Handler                             0x0000038d   Thumb Code     2  startup_tm4c123.o(.text)
    UDMAERR_Handler                          0x0000038f   Thumb Code     2  startup_tm4c123.o(.text)
    ADC1SS0_Handler                          0x00000391   Thumb Code     2  startup_tm4c123.o(.text)
    ADC1SS1_Handler                          0x00000393   Thumb Code     2  startup_tm4c123.o(.text)
    ADC1SS2_Handler                          0x00000395   Thumb Code     2  startup_tm4c123.o(.text)
    ADC1SS3_Handler                          0x00000397   Thumb Code     2  startup_tm4c123.o(.text)
    GPIOJ_Handler                            0x00000399   Thumb Code     2  startup_tm4c123.o(.text)
    GPIOK_Handler                            0x0000039b   Thumb Code     2  startup_tm4c123.o(.text)
    GPIOL_Handler                            0x0000039d   Thumb Code     2  startup_tm4c123.o(.text)
    SSI2_Handler                             0x0000039f   Thumb Code     2  startup_tm4c123.o(.text)
    SSI3_Handler                             0x000003a1   Thumb Code     2  startup_tm4c123.o(.text)
    UART3_Handler                            0x000003a3   Thumb Code     2  startup_tm4c123.o(.text)
    UART4_Handler                            0x000003a5   Thumb Code     2  startup_tm4c123.o(.text)
    UART5_Handler                            0x000003a7   Thumb Code     2  startup_tm4c123.o(.text)
    UART6_Handler                            0x000003a9   Thumb Code     2  startup_tm4c123.o(.text)
    UART7_Handler                            0x000003ab   Thumb Code     2  startup_tm4c123.o(.text)
    I2C2_Handler                             0x000003ad   Thumb Code     2  startup_tm4c123.o(.text)
    I2C3_Handler                             0x000003af   Thumb Code     2  startup_tm4c123.o(.text)
    TIMER4A_Handler                          0x000003b1   Thumb Code     2  startup_tm4c123.o(.text)
    TIMER4B_Handler                          0x000003b3   Thumb Code     2  startup_tm4c123.o(.text)
    TIMER5A_Handler                          0x000003b5   Thumb Code     2  startup_tm4c123.o(.text)
    TIMER5B_Handler                          0x000003b7   Thumb Code     2  startup_tm4c123.o(.text)
    WTIMER0A_Handler                         0x000003b9   Thumb Code     2  startup_tm4c123.o(.text)
    WTIMER0B_Handler                         0x000003bb   Thumb Code     2  startup_tm4c123.o(.text)
    WTIMER1A_Handler                         0x000003bd   Thumb Code     2  startup_tm4c123.o(.text)
    WTIMER1B_Handler                         0x000003bf   Thumb Code     2  startup_tm4c123.o(.text)
    WTIMER2A_Handler                         0x000003c1   Thumb Code     2  startup_tm4c123.o(.text)
    WTIMER2B_Handler                         0x000003c3   Thumb Code     2  startup_tm4c123.o(.text)
    WTIMER3A_Handler                         0x000003c5   Thumb Code     2  startup_tm4c123.o(.text)
    WTIMER3B_Handler                         0x000003c7   Thumb Code     2  startup_tm4c123.o(.text)
    WTIMER4A_Handler                         0x000003c9   Thumb Code     2  startup_tm4c123.o(.text)
    WTIMER4B_Handler                         0x000003cb   Thumb Code     2  startup_tm4c123.o(.text)
    WTIMER5A_Handler                         0x000003cd   Thumb Code     2  startup_tm4c123.o(.text)
    WTIMER5B_Handler                         0x000003cf   Thumb Code     2  startup_tm4c123.o(.text)
    FPU_Handler                              0x000003d1   Thumb Code     2  startup_tm4c123.o(.text)
    I2C4_Handler                             0x000003d3   Thumb Code     2  startup_tm4c123.o(.text)
    I2C5_Handler                             0x000003d5   Thumb Code     2  startup_tm4c123.o(.text)
    GPIOM_Handler                            0x000003d7   Thumb Code     2  startup_tm4c123.o(.text)
    GPION_Handler                            0x000003d9   Thumb Code     2  startup_tm4c123.o(.text)
    QEI2_Handler                             0x000003db   Thumb Code     2  startup_tm4c123.o(.text)
    GPIOP0_Handler                           0x000003dd   Thumb Code     2  startup_tm4c123.o(.text)
    GPIOP1_Handler                           0x000003df   Thumb Code     2  startup_tm4c123.o(.text)
    GPIOP2_Handler                           0x000003e1   Thumb Code     2  startup_tm4c123.o(.text)
    GPIOP3_Handler                           0x000003e3   Thumb Code     2  startup_tm4c123.o(.text)
    GPIOP4_Handler                           0x000003e5   Thumb Code     2  startup_tm4c123.o(.text)
    GPIOP5_Handler                           0x000003e7   Thumb Code     2  startup_tm4c123.o(.text)
    GPIOP6_Handler                           0x000003e9   Thumb Code     2  startup_tm4c123.o(.text)
    GPIOP7_Handler                           0x000003eb   Thumb Code     2  startup_tm4c123.o(.text)
    GPIOQ0_Handler                           0x000003ed   Thumb Code     2  startup_tm4c123.o(.text)
    GPIOQ1_Handler                           0x000003ef   Thumb Code     2  startup_tm4c123.o(.text)
    GPIOQ2_Handler                           0x000003f1   Thumb Code     2  startup_tm4c123.o(.text)
    GPIOQ3_Handler                           0x000003f3   Thumb Code     2  startup_tm4c123.o(.text)
    GPIOQ4_Handler                           0x000003f5   Thumb Code     2  startup_tm4c123.o(.text)
    GPIOQ5_Handler                           0x000003f7   Thumb Code     2  startup_tm4c123.o(.text)
    GPIOQ6_Handler                           0x000003f9   Thumb Code     2  startup_tm4c123.o(.text)
    GPIOQ7_Handler                           0x000003fb   Thumb Code     2  startup_tm4c123.o(.text)
    GPIOR_Handler                            0x000003fd   Thumb Code     2  startup_tm4c123.o(.text)
    GPIOS_Handler                            0x000003ff   Thumb Code     2  startup_tm4c123.o(.text)
    PMW1_0_Handler                           0x00000401   Thumb Code     2  startup_tm4c123.o(.text)
    PWM1_1_Handler                           0x00000403   Thumb Code     2  startup_tm4c123.o(.text)
    PWM1_2_Handler                           0x00000405   Thumb Code     2  startup_tm4c123.o(.text)
    PWM1_3_Handler                           0x00000407   Thumb Code     2  startup_tm4c123.o(.text)
    PWM1_FAULT_Handler                       0x00000409   Thumb Code     2  startup_tm4c123.o(.text)
    __user_initial_stackheap                 0x0000040d   Thumb Code     0  startup_tm4c123.o(.text)
    __use_two_region_memory                  0x0000042d   Thumb Code     2  heapauxi.o(.text)
    __rt_heap_escrow$2region                 0x0000042f   Thumb Code     2  heapauxi.o(.text)
    __rt_heap_expand$2region                 0x00000431   Thumb Code     2  heapauxi.o(.text)
    __user_setup_stackheap                   0x00000433   Thumb Code    74  sys_stackheap_outer.o(.text)
    exit                                     0x0000047d   Thumb Code    18  exit.o(.text)
    __user_libspace                          0x00000491   Thumb Code     8  libspace.o(.text)
    __user_perproc_libspace                  0x00000491   Thumb Code     0  libspace.o(.text)
    __user_perthread_libspace                0x00000491   Thumb Code     0  libspace.o(.text)
    _sys_exit                                0x00000499   Thumb Code     8  sys_exit.o(.text)
    __argv_alloc                             0x000004a5   Thumb Code    34  _get_argv_nomalloc.o(.text)
    __ARM_get_argv                           0x000004c7   Thumb Code   268  _get_argv_nomalloc.o(.text)
    _sys_command_string                      0x000005d3   Thumb Code    24  sys_command.o(.text)
    __I$use$semihosting                      0x000005eb   Thumb Code     0  use_no_semi.o(.text)
    __use_no_semihosting_swi                 0x000005eb   Thumb Code     2  use_no_semi.o(.text)
    __semihosting_library_function           0x000005ed   Thumb Code     0  indicate_semi.o(.text)
    __use_no_heap_region                     0x000005ed   Thumb Code     2  hrguard.o(.text)
    __heap_region$guard                      0x000005ef   Thumb Code     2  hrguard.o(.text)
    __rt_SIGRTMEM                            0x000005f1   Thumb Code    14  defsig_rtmem_outer.o(.text)
    __sig_exit                               0x000005ff   Thumb Code    10  defsig_exit.o(.text)
    __rt_SIGRTMEM_inner                      0x00000609   Thumb Code    22  defsig_rtmem_inner.o(.text)
    __default_signal_display                 0x00000659   Thumb Code    50  defsig_general.o(.text)
    _ttywrch                                 0x0000068b   Thumb Code    14  sys_wrch.o(.text)
    Dio_ReadChannel                          0x00000699   Thumb Code   796  dio.o(.text.Dio_ReadChannel)
    Dio_WritePort                            0x000009b5   Thumb Code   596  dio.o(.text.Dio_WritePort)
    Gpt_Channel0A_Handler                    0x00000c09   Thumb Code   180  gpt.o(.text.Gpt_Channel0A_Handler)
    Gpt_Channel10A_Handler                   0x00000cbd   Thumb Code   194  gpt.o(.text.Gpt_Channel10A_Handler)
    Gpt_Channel11A_Handler                   0x00000d81   Thumb Code   194  gpt.o(.text.Gpt_Channel11A_Handler)
    Gpt_Channel1A_Handler                    0x00000e45   Thumb Code   194  gpt.o(.text.Gpt_Channel1A_Handler)
    Gpt_Channel2A_Handler                    0x00000f09   Thumb Code   194  gpt.o(.text.Gpt_Channel2A_Handler)
    Gpt_Channel3A_Handler                    0x00000fcd   Thumb Code   194  gpt.o(.text.Gpt_Channel3A_Handler)
    Gpt_Channel4A_Handler                    0x00001091   Thumb Code   194  gpt.o(.text.Gpt_Channel4A_Handler)
    Gpt_Channel5A_Handler                    0x00001155   Thumb Code   194  gpt.o(.text.Gpt_Channel5A_Handler)
    Gpt_Channel6A_Handler                    0x00001219   Thumb Code   194  gpt.o(.text.Gpt_Channel6A_Handler)
    Gpt_Channel7A_Handler                    0x000012dd   Thumb Code   194  gpt.o(.text.Gpt_Channel7A_Handler)
    Gpt_Channel8A_Handler                    0x000013a1   Thumb Code   194  gpt.o(.text.Gpt_Channel8A_Handler)
    Gpt_Channel9A_Handler                    0x00001465   Thumb Code   194  gpt.o(.text.Gpt_Channel9A_Handler)
    Gpt_EnableNotification                   0x00001529   Thumb Code   208  gpt.o(.text.Gpt_EnableNotification)
    Gpt_Init                                 0x000015f9   Thumb Code   222  gpt.o(.text.Gpt_Init)
    Gpt_StartTimer                           0x000016d9   Thumb Code   354  gpt.o(.text.Gpt_StartTimer)
    Gpt_StopTimer                            0x0000183d   Thumb Code   208  gpt.o(.text.Gpt_StopTimer)
    IntCrtl_Init                             0x0000190d   Thumb Code   248  intctrl.o(.text.IntCrtl_Init)
    LED_Blinking                             0x00001a05   Thumb Code   160  main.o(.text.LED_Blinking)
    Leds_OFF                                 0x00001aa5   Thumb Code    28  led.o(.text.Leds_OFF)
    Leds_ON                                  0x00001ac1   Thumb Code    28  led.o(.text.Leds_ON)
    SystemInit                               0x00001add   Thumb Code    18  system_tm4c123.o(.text.SystemInit)
    Systick_Init                             0x00001af1   Thumb Code    58  systic.o(.text.Systick_Init)
    TIMER0A_Handler                          0x00001b2d   Thumb Code    26  gpt.o(.text.TIMER0A_Handler)
    Togg_Pin                                 0x00001b49   Thumb Code    66  main.o(.text.Togg_Pin)
    main                                     0x00001b8d   Thumb Code   254  main.o(.text.main)
    _fp_init                                 0x00001c8b   Thumb Code    26  fpinit.o(x$fpl$fpinit)
    __fplib_config_fpu_vfp                   0x00001ca3   Thumb Code     0  fpinit.o(x$fpl$fpinit)
    __fplib_config_pureend_doubles           0x00001ca3   Thumb Code     0  fpinit.o(x$fpl$fpinit)
    Region$$Table$$Base                      0x00001ca4   Number         0  anon$$obj.o(Region$$Table)
    Region$$Table$$Limit                     0x00001cc4   Number         0  anon$$obj.o(Region$$Table)
    EnabledInt                               0x20000000   Data           1  intctrl.o(.data.EnabledInt)
    Interrupt_Prio                           0x20000001   Data           2  intctrl.o(.data.Interrupt_Prio)
    Old_Switch1                              0x20000003   Data           1  main.o(.data.Old_Switch1)
    Old_Switch2                              0x20000004   Data           1  main.o(.data.Old_Switch2)
    Old_flag                                 0x20000005   Data           1  main.o(.data.Old_flag)
    TimeOFF                                  0x20000006   Data           1  main.o(.data.TimeOFF)
    TimeON                                   0x20000007   Data           1  main.o(.data.TimeON)
    __libspace_start                         0x20000018   Data          96  libspace.o(.bss)
    Call_back                                0x20000078   Data          48  gpt.o(.bss.Call_back)
    __temporary_stack_top$libspace           0x20000078   Data           0  libspace.o(.bss)
    Res1                                     0x200000a8   Data           1  main.o(.bss.Res1)
    Res2                                     0x200000a9   Data           1  main.o(.bss.Res2)
    Switch1                                  0x200000aa   Data           1  main.o(.bss.Switch1)
    Switch2                                  0x200000ab   Data           1  main.o(.bss.Switch2)
    flag                                     0x200000ac   Data           1  main.o(.bss.flag)



==============================================================================

Memory Map of the image

  Image Entry point : 0x00000319

  Load Region LR_1 (Base: 0x00000000, Size: 0x00001cdc, Max: 0xffffffff, ABSOLUTE)

    Execution Region ER_RO (Exec base: 0x00000000, Load base: 0x00000000, Size: 0x00001cc4, Max: 0xffffffff, ABSOLUTE)

    Exec Addr    Load Addr    Size         Type   Attr      Idx    E Section Name        Object

    0x00000000   0x00000000   0x0000026c   Data   RO          165    RESET               startup_tm4c123.o
    0x0000026c   0x0000026c   0x00000008   Code   RO          191  * !!!main             c_w.l(__main.o)
    0x00000274   0x00000274   0x00000034   Code   RO          354    !!!scatter          c_w.l(__scatter.o)
    0x000002a8   0x000002a8   0x0000001a   Code   RO          356    !!handler_copy      c_w.l(__scatter_copy.o)
    0x000002c2   0x000002c2   0x00000002   PAD
    0x000002c4   0x000002c4   0x0000001c   Code   RO          358    !!handler_zi        c_w.l(__scatter_zi.o)
    0x000002e0   0x000002e0   0x00000002   Code   RO          218    .ARM.Collect$$libinit$$00000000  c_w.l(libinit.o)
    0x000002e2   0x000002e2   0x00000004   Code   RO          224    .ARM.Collect$$libinit$$00000001  c_w.l(libinit2.o)
    0x000002e6   0x000002e6   0x00000000   Code   RO          227    .ARM.Collect$$libinit$$00000004  c_w.l(libinit2.o)
    0x000002e6   0x000002e6   0x00000000   Code   RO          230    .ARM.Collect$$libinit$$0000000A  c_w.l(libinit2.o)
    0x000002e6   0x000002e6   0x00000000   Code   RO          232    .ARM.Collect$$libinit$$0000000C  c_w.l(libinit2.o)
    0x000002e6   0x000002e6   0x00000000   Code   RO          234    .ARM.Collect$$libinit$$0000000E  c_w.l(libinit2.o)
    0x000002e6   0x000002e6   0x00000000   Code   RO          237    .ARM.Collect$$libinit$$00000011  c_w.l(libinit2.o)
    0x000002e6   0x000002e6   0x00000000   Code   RO          239    .ARM.Collect$$libinit$$00000013  c_w.l(libinit2.o)
    0x000002e6   0x000002e6   0x00000000   Code   RO          241    .ARM.Collect$$libinit$$00000015  c_w.l(libinit2.o)
    0x000002e6   0x000002e6   0x00000000   Code   RO          243    .ARM.Collect$$libinit$$00000017  c_w.l(libinit2.o)
    0x000002e6   0x000002e6   0x00000000   Code   RO          245    .ARM.Collect$$libinit$$00000019  c_w.l(libinit2.o)
    0x000002e6   0x000002e6   0x00000000   Code   RO          247    .ARM.Collect$$libinit$$0000001B  c_w.l(libinit2.o)
    0x000002e6   0x000002e6   0x00000000   Code   RO          249    .ARM.Collect$$libinit$$0000001D  c_w.l(libinit2.o)
    0x000002e6   0x000002e6   0x00000000   Code   RO          251    .ARM.Collect$$libinit$$0000001F  c_w.l(libinit2.o)
    0x000002e6   0x000002e6   0x00000000   Code   RO          253    .ARM.Collect$$libinit$$00000021  c_w.l(libinit2.o)
    0x000002e6   0x000002e6   0x00000000   Code   RO          255    .ARM.Collect$$libinit$$00000023  c_w.l(libinit2.o)
    0x000002e6   0x000002e6   0x00000000   Code   RO          257    .ARM.Collect$$libinit$$00000025  c_w.l(libinit2.o)
    0x000002e6   0x000002e6   0x00000008   Code   RO          259    .ARM.Collect$$libinit$$00000027  c_w.l(libinit2.o)
    0x000002ee   0x000002ee   0x00000000   Code   RO          263    .ARM.Collect$$libinit$$0000002E  c_w.l(libinit2.o)
    0x000002ee   0x000002ee   0x00000000   Code   RO          265    .ARM.Collect$$libinit$$00000030  c_w.l(libinit2.o)
    0x000002ee   0x000002ee   0x00000000   Code   RO          267    .ARM.Collect$$libinit$$00000032  c_w.l(libinit2.o)
    0x000002ee   0x000002ee   0x00000002   Code   RO          268    .ARM.Collect$$libinit$$00000033  c_w.l(libinit2.o)
    0x000002f0   0x000002f0   0x00000002   Code   RO          290    .ARM.Collect$$libshutdown$$00000000  c_w.l(libshutdown.o)
    0x000002f2   0x000002f2   0x00000000   Code   RO          305    .ARM.Collect$$libshutdown$$00000002  c_w.l(libshutdown2.o)
    0x000002f2   0x000002f2   0x00000000   Code   RO          307    .ARM.Collect$$libshutdown$$00000004  c_w.l(libshutdown2.o)
    0x000002f2   0x000002f2   0x00000000   Code   RO          310    .ARM.Collect$$libshutdown$$00000007  c_w.l(libshutdown2.o)
    0x000002f2   0x000002f2   0x00000000   Code   RO          313    .ARM.Collect$$libshutdown$$0000000A  c_w.l(libshutdown2.o)
    0x000002f2   0x000002f2   0x00000000   Code   RO          315    .ARM.Collect$$libshutdown$$0000000C  c_w.l(libshutdown2.o)
    0x000002f2   0x000002f2   0x00000000   Code   RO          318    .ARM.Collect$$libshutdown$$0000000F  c_w.l(libshutdown2.o)
    0x000002f2   0x000002f2   0x00000002   Code   RO          319    .ARM.Collect$$libshutdown$$00000010  c_w.l(libshutdown2.o)
    0x000002f4   0x000002f4   0x00000000   Code   RO          193    .ARM.Collect$$rtentry$$00000000  c_w.l(__rtentry.o)
    0x000002f4   0x000002f4   0x00000000   Code   RO          195    .ARM.Collect$$rtentry$$00000002  c_w.l(__rtentry2.o)
    0x000002f4   0x000002f4   0x00000006   Code   RO          207    .ARM.Collect$$rtentry$$00000004  c_w.l(__rtentry4.o)
    0x000002fa   0x000002fa   0x00000000   Code   RO          197    .ARM.Collect$$rtentry$$00000009  c_w.l(__rtentry2.o)
    0x000002fa   0x000002fa   0x00000004   Code   RO          198    .ARM.Collect$$rtentry$$0000000A  c_w.l(__rtentry2.o)
    0x000002fe   0x000002fe   0x00000000   Code   RO          200    .ARM.Collect$$rtentry$$0000000C  c_w.l(__rtentry2.o)
    0x000002fe   0x000002fe   0x00000008   Code   RO          201    .ARM.Collect$$rtentry$$0000000D  c_w.l(__rtentry2.o)
    0x00000306   0x00000306   0x00000002   Code   RO          222    .ARM.Collect$$rtexit$$00000000  c_w.l(rtexit.o)
    0x00000308   0x00000308   0x00000000   Code   RO          270    .ARM.Collect$$rtexit$$00000002  c_w.l(rtexit2.o)
    0x00000308   0x00000308   0x00000004   Code   RO          271    .ARM.Collect$$rtexit$$00000003  c_w.l(rtexit2.o)
    0x0000030c   0x0000030c   0x00000006   Code   RO          272    .ARM.Collect$$rtexit$$00000004  c_w.l(rtexit2.o)
    0x00000312   0x00000312   0x00000002   PAD
    0x00000314   0x00000314   0x00000004   Code   RO          276    .emb_text           c_w.l(argv_veneer.o)
    0x00000318   0x00000318   0x00000114   Code   RO          166  * .text               startup_tm4c123.o
    0x0000042c   0x0000042c   0x00000006   Code   RO          189    .text               c_w.l(heapauxi.o)
    0x00000432   0x00000432   0x0000004a   Code   RO          209    .text               c_w.l(sys_stackheap_outer.o)
    0x0000047c   0x0000047c   0x00000012   Code   RO          211    .text               c_w.l(exit.o)
    0x0000048e   0x0000048e   0x00000002   PAD
    0x00000490   0x00000490   0x00000008   Code   RO          219    .text               c_w.l(libspace.o)
    0x00000498   0x00000498   0x0000000c   Code   RO          280    .text               c_w.l(sys_exit.o)
    0x000004a4   0x000004a4   0x0000012e   Code   RO          286    .text               c_w.l(_get_argv_nomalloc.o)
    0x000005d2   0x000005d2   0x00000018   Code   RO          291    .text               c_w.l(sys_command.o)
    0x000005ea   0x000005ea   0x00000002   Code   RO          295    .text               c_w.l(use_no_semi.o)
    0x000005ec   0x000005ec   0x00000000   Code   RO          297    .text               c_w.l(indicate_semi.o)
    0x000005ec   0x000005ec   0x00000004   Code   RO          298    .text               c_w.l(hrguard.o)
    0x000005f0   0x000005f0   0x0000000e   Code   RO          300    .text               c_w.l(defsig_rtmem_outer.o)
    0x000005fe   0x000005fe   0x0000000a   Code   RO          322    .text               c_w.l(defsig_exit.o)
    0x00000608   0x00000608   0x00000050   Code   RO          324    .text               c_w.l(defsig_rtmem_inner.o)
    0x00000658   0x00000658   0x00000032   Code   RO          328    .text               c_w.l(defsig_general.o)
    0x0000068a   0x0000068a   0x0000000e   Code   RO          330    .text               c_w.l(sys_wrch.o)
    0x00000698   0x00000698   0x0000031c   Code   RO           45    .text.Dio_ReadChannel  dio.o
    0x000009b4   0x000009b4   0x00000254   Code   RO           49    .text.Dio_WritePort  dio.o
    0x00000c08   0x00000c08   0x000000b4   Code   RO           67    .text.Gpt_Channel0A_Handler  gpt.o
    0x00000cbc   0x00000cbc   0x000000c2   Code   RO           87    .text.Gpt_Channel10A_Handler  gpt.o
    0x00000d7e   0x00000d7e   0x00000002   PAD
    0x00000d80   0x00000d80   0x000000c2   Code   RO           89    .text.Gpt_Channel11A_Handler  gpt.o
    0x00000e42   0x00000e42   0x00000002   PAD
    0x00000e44   0x00000e44   0x000000c2   Code   RO           69    .text.Gpt_Channel1A_Handler  gpt.o
    0x00000f06   0x00000f06   0x00000002   PAD
    0x00000f08   0x00000f08   0x000000c2   Code   RO           71    .text.Gpt_Channel2A_Handler  gpt.o
    0x00000fca   0x00000fca   0x00000002   PAD
    0x00000fcc   0x00000fcc   0x000000c2   Code   RO           73    .text.Gpt_Channel3A_Handler  gpt.o
    0x0000108e   0x0000108e   0x00000002   PAD
    0x00001090   0x00001090   0x000000c2   Code   RO           75    .text.Gpt_Channel4A_Handler  gpt.o
    0x00001152   0x00001152   0x00000002   PAD
    0x00001154   0x00001154   0x000000c2   Code   RO           77    .text.Gpt_Channel5A_Handler  gpt.o
    0x00001216   0x00001216   0x00000002   PAD
    0x00001218   0x00001218   0x000000c2   Code   RO           79    .text.Gpt_Channel6A_Handler  gpt.o
    0x000012da   0x000012da   0x00000002   PAD
    0x000012dc   0x000012dc   0x000000c2   Code   RO           81    .text.Gpt_Channel7A_Handler  gpt.o
    0x0000139e   0x0000139e   0x00000002   PAD
    0x000013a0   0x000013a0   0x000000c2   Code   RO           83    .text.Gpt_Channel8A_Handler  gpt.o
    0x00001462   0x00001462   0x00000002   PAD
    0x00001464   0x00001464   0x000000c2   Code   RO           85    .text.Gpt_Channel9A_Handler  gpt.o
    0x00001526   0x00001526   0x00000002   PAD
    0x00001528   0x00001528   0x000000d0   Code   RO          101    .text.Gpt_EnableNotification  gpt.o
    0x000015f8   0x000015f8   0x000000de   Code   RO           65    .text.Gpt_Init      gpt.o
    0x000016d6   0x000016d6   0x00000002   PAD
    0x000016d8   0x000016d8   0x00000162   Code   RO           97    .text.Gpt_StartTimer  gpt.o
    0x0000183a   0x0000183a   0x00000002   PAD
    0x0000183c   0x0000183c   0x000000d0   Code   RO           99    .text.Gpt_StopTimer  gpt.o
    0x0000190c   0x0000190c   0x000000f8   Code   RO          144    .text.IntCrtl_Init  intctrl.o
    0x00001a04   0x00001a04   0x000000a0   Code   RO           10    .text.LED_Blinking  main.o
    0x00001aa4   0x00001aa4   0x0000001c   Code   RO           33    .text.Leds_OFF      led.o
    0x00001ac0   0x00001ac0   0x0000001c   Code   RO           31    .text.Leds_ON       led.o
    0x00001adc   0x00001adc   0x00000012   Code   RO          177    .text.SystemInit    system_tm4c123.o
    0x00001aee   0x00001aee   0x00000002   PAD
    0x00001af0   0x00001af0   0x0000003a   Code   RO          155    .text.Systick_Init  systic.o
    0x00001b2a   0x00001b2a   0x00000002   PAD
    0x00001b2c   0x00001b2c   0x0000001a   Code   RO          111    .text.TIMER0A_Handler  gpt.o
    0x00001b46   0x00001b46   0x00000002   PAD
    0x00001b48   0x00001b48   0x00000042   Code   RO            8    .text.Togg_Pin      main.o
    0x00001b8a   0x00001b8a   0x00000002   PAD
    0x00001b8c   0x00001b8c   0x000000fe   Code   RO            6    .text.main          main.o
    0x00001c8a   0x00001c8a   0x0000001a   Code   RO          278    x$fpl$fpinit        fz_wm.l(fpinit.o)
    0x00001ca4   0x00001ca4   0x00000020   Data   RO          353    Region$$Table       anon$$obj.o


    Execution Region ER_RW (Exec base: 0x20000000, Load base: 0x00001cc4, Size: 0x00000018, Max: 0xffffffff, ABSOLUTE)

    Exec Addr    Load Addr    Size         Type   Attr      Idx    E Section Name        Object

    0x20000000   0x00001cc4   0x00000001   Data   RW          147    .data.EnabledInt    intctrl.o
    0x20000001   0x00001cc5   0x00000002   Data   RW          146    .data.Interrupt_Prio  intctrl.o
    0x20000003   0x00001cc7   0x00000001   Data   RW           12    .data.Old_Switch1   main.o
    0x20000004   0x00001cc8   0x00000001   Data   RW           13    .data.Old_Switch2   main.o
    0x20000005   0x00001cc9   0x00000001   Data   RW           17    .data.Old_flag      main.o
    0x20000006   0x00001cca   0x00000001   Data   RW           19    .data.TimeOFF       main.o
    0x20000007   0x00001ccb   0x00000001   Data   RW           18    .data.TimeON        main.o
    0x20000008   0x00001ccc   0x00000010   Data   RW           20    .data.main.Timers   main.o


    Execution Region ER_ZI (Exec base: 0x20000018, Load base: 0x00001cdc, Size: 0x00000298, Max: 0xffffffff, ABSOLUTE)

    Exec Addr    Load Addr    Size         Type   Attr      Idx    E Section Name        Object

    0x20000018        -       0x00000060   Zero   RW          220    .bss                c_w.l(libspace.o)
    0x20000078        -       0x00000030   Zero   RW          135    .bss.Call_back      gpt.o
    0x200000a8        -       0x00000001   Zero   RW           21    .bss.Res1           main.o
    0x200000a9        -       0x00000001   Zero   RW           22    .bss.Res2           main.o
    0x200000aa        -       0x00000001   Zero   RW           14    .bss.Switch1        main.o
    0x200000ab        -       0x00000001   Zero   RW           15    .bss.Switch2        main.o
    0x200000ac        -       0x00000001   Zero   RW           16    .bss.flag           main.o
    0x200000ad   0x00001cdc   0x00000003   PAD
    0x200000b0        -       0x00000000   Zero   RW          164    HEAP                startup_tm4c123.o
    0x200000b0        -       0x00000200   Zero   RW          163    STACK               startup_tm4c123.o


==============================================================================

Image component sizes


      Code (inc. data)   RO Data    RW Data    ZI Data      Debug   Object Name

      1392         18          0          0          0       3716   dio.o
      3332         48          0          0         48       8921   gpt.o
       248          0          0          3          0       1435   intctrl.o
        56          0          0          0          0        930   led.o
       480          0          0         21          5       2220   main.o
       276         24        620          0        512       5488   startup_tm4c123.o
        18          0          0          0          0       6631   system_tm4c123.o
        58          0          0          0          0        576   systic.o

    ----------------------------------------------------------------------
      5894         90        652         24        568      29917   Object Totals
         0          0         32          0          0          0   (incl. Generated)
        34          0          0          0          3          0   (incl. Padding)

    ----------------------------------------------------------------------

      Code (inc. data)   RO Data    RW Data    ZI Data      Debug   Library Member Name

         8          0          0          0          0         68   __main.o
         0          0          0          0          0          0   __rtentry.o
        12          0          0          0          0          0   __rtentry2.o
         6          0          0          0          0          0   __rtentry4.o
        52          8          0          0          0          0   __scatter.o
        26          0          0          0          0          0   __scatter_copy.o
        28          0          0          0          0          0   __scatter_zi.o
       302          0          0          0          0        168   _get_argv_nomalloc.o
         4          0          0          0          0         68   argv_veneer.o
        10          0          0          0          0         68   defsig_exit.o
        50          0          0          0          0         88   defsig_general.o
        80         58          0          0          0         76   defsig_rtmem_inner.o
        14          0          0          0          0         80   defsig_rtmem_outer.o
        18          0          0          0          0         80   exit.o
         6          0          0          0          0        152   heapauxi.o
         4          0          0          0          0        136   hrguard.o
         0          0          0          0          0          0   indicate_semi.o
         2          0          0          0          0          0   libinit.o
        14          0          0          0          0          0   libinit2.o
         2          0          0          0          0          0   libshutdown.o
         2          0          0          0          0          0   libshutdown2.o
         8          4          0          0         96         68   libspace.o
         2          0          0          0          0          0   rtexit.o
        10          0          0          0          0          0   rtexit2.o
        24          0          0          0          0         76   sys_command.o
        12          4          0          0          0         68   sys_exit.o
        74          0          0          0          0         80   sys_stackheap_outer.o
        14          0          0          0          0         76   sys_wrch.o
         2          0          0          0          0         68   use_no_semi.o
        26          0          0          0          0        116   fpinit.o

    ----------------------------------------------------------------------
       818         74          0          0         96       1536   Library Totals
         6          0          0          0          0          0   (incl. Padding)

    ----------------------------------------------------------------------

      Code (inc. data)   RO Data    RW Data    ZI Data      Debug   Library Name

       786         74          0          0         96       1420   c_w.l
        26          0          0          0          0        116   fz_wm.l

    ----------------------------------------------------------------------
       818         74          0          0         96       1536   Library Totals

    ----------------------------------------------------------------------

==============================================================================


      Code (inc. data)   RO Data    RW Data    ZI Data      Debug   

      6712        164        652         24        664      30681   Grand Totals
      6712        164        652         24        664      30681   ELF Image Totals
      6712        164        652         24          0          0   ROM Totals

==============================================================================

    Total RO  Size (Code + RO Data)                 7364 (   7.19kB)
    Total RW  Size (RW Data + ZI Data)               688 (   0.67kB)
    Total ROM Size (Code + RO Data + RW Data)       7388 (   7.21kB)

==============================================================================

